[www.tutorialspoint.com/php/index.html]
[backblue.gif]
[fade.gif]
[index.html]
[www.tutorialspoint.com/theme/css/style-min5e1f.css]
[www.tutorialspoint.com/php/images/try-it.jpg]
[www.tutorialspoint.com/theme/js/script-min-v4.js]
[www.tutorialspoint.com/images/pattern.png]
[www.tutorialspoint.com/images/loading-cg.gif]
[www.tutorialspoint.com/php/images/logo.png]
[www.tutorialspoint.com/theme/css/icons/image-editor.png]
[www.tutorialspoint.com/php/images/php-mini-logo.jpg]
[www.tutorialspoint.com/php/images/php-video-tutorials.jpg]
[www.tutorialspoint.com/php/php_introduction.html]
[www.tutorialspoint.com/php/php_environment.html]
[www.tutorialspoint.com/php/php_syntax_overview.html]
[www.tutorialspoint.com/php/php_variable_types.html]
[www.tutorialspoint.com/php/php_constants.html]
[www.tutorialspoint.com/php/php_operator_types.html]
[www.tutorialspoint.com/php/php_decision_making.html]
[www.tutorialspoint.com/php/php_loop_types.html]
[www.tutorialspoint.com/php/php_arrays.html]
[www.tutorialspoint.com/php/php_strings.html]
[www.tutorialspoint.com/php/php_web_concepts.html]
[www.tutorialspoint.com/php/php_get_post.html]
[www.tutorialspoint.com/php/php_file_inclusion.html]
[www.tutorialspoint.com/php/php_files.html]
[www.tutorialspoint.com/php/php_functions.html]
[www.tutorialspoint.com/php/php_cookies.html]
[www.tutorialspoint.com/php/php_sessions.html]
[www.tutorialspoint.com/php/php_sending_emails.html]
[www.tutorialspoint.com/php/php_file_uploading.html]
[www.tutorialspoint.com/php/php_coding_standard.html]
[www.tutorialspoint.com/php/php_predefined_variables.html]
[www.tutorialspoint.com/php/php_regular_expression.html]
[www.tutorialspoint.com/php/php_error_handling.html]
[www.tutorialspoint.com/php/php_bugs_debugging.html]
[www.tutorialspoint.com/php/php_date_and_time.html]
[www.tutorialspoint.com/php/php_and_mysql.html]
[www.tutorialspoint.com/php/php_and_ajax.html]
[www.tutorialspoint.com/php/php_and_xml.html]
[www.tutorialspoint.com/php/php_object_oriented.html]
[www.tutorialspoint.com/php/php_for_c_developers.html]
[www.tutorialspoint.com/php/php_for_perl_developers.html]
[www.tutorialspoint.com/php/php_form_introduction.html]
[www.tutorialspoint.com/php/php_validation_example.html]
[www.tutorialspoint.com/php/php_complete_form.html]
[www.tutorialspoint.com/php/php_login_example.html]
[www.tutorialspoint.com/php/php_facebook_login.html]
[www.tutorialspoint.com/php/php_paypal_integration.html]
[www.tutorialspoint.com/php/php_mysql_login.html]
[www.tutorialspoint.com/php/php_ajax_search.html]
[www.tutorialspoint.com/php/php_ajax_xml_parser.html]
[www.tutorialspoint.com/php/php_ajax_autocomplete_search.html]
[www.tutorialspoint.com/php/ajax_rss_feed_example.html]
[www.tutorialspoint.com/php/php_xml_introduction.html]
[www.tutorialspoint.com/php/php_simple_xml.html]
[www.tutorialspoint.com/php/php_simple_xml_get.html]
[www.tutorialspoint.com/php/php_sax_parser_example.html]
[www.tutorialspoint.com/php/php_dom_parser_example.html]
[www.tutorialspoint.com/php/php_frame_works.html]
[www.tutorialspoint.com/php/php_core_vs_frameworks.html]
[www.tutorialspoint.com/php/php_design_patterns.html]
[www.tutorialspoint.com/php/php_function_reference.html]
[www.tutorialspoint.com/php/php_questions_answers.html]
[www.tutorialspoint.com/php/php_useful_resources.html]
[www.tutorialspoint.com/php/php_discussion.html]
[www.tutorialspoint.com/php/images/php.jpg]
[www.tutorialspoint.com/php/php_pdf_version.html]
[www.tutorialspoint.com/php/images/php-offline.jpg]
[pagead2.googlesyndication.com/pagead/f.txt]
[www.tutorialspoint.com/images/facebookIcon.jpg]
[www.tutorialspoint.com/images/twitterIcon.jpg]
[www.tutorialspoint.com/images/linkedinIcon.jpg]
[www.tutorialspoint.com/images/googlePlusIcon.jpg]
[www.tutorialspoint.com/images/StumbleUponIcon.jpg]
[www.tutorialspoint.com/images/reddit.jpg]
[www.tutorialspoint.com/scripts/img/logo-footer.png]
[www.tutorialspoint.com/theme/js/custom-min7b30.js]
[www.google-analytics.com/urchin.js]
[www.tutorialspoint.com/theme/js/jquery.colorbox-min.js]
[www.tutorialspoint.com/php/try_php.html]
[www.tutorialspoint.com/php/index.html]
[www.tutorialspoint.com/theme/css/style-min5e1f.css]
[www.tutorialspoint.com/php/php_introduction.html]
[www.tutorialspoint.com/php/php_installation_linux.html]
[www.tutorialspoint.com/php/php_installation_mac.html]
[www.tutorialspoint.com/php/php_installation_windows_iis.html]
[www.tutorialspoint.com/php/php_installation_windows_apache.html]
[www.tutorialspoint.com/php/php_apache_configuration.html]
[www.tutorialspoint.com/php/php_ini_configuration.html]
[www.tutorialspoint.com/php/php_environment.html]
[www.tutorialspoint.com/php/php_syntax_overview.html]
[www.tutorialspoint.com/php/php_local_variables.html]
[www.tutorialspoint.com/php/php_function_parameters.html]
[www.tutorialspoint.com/php/php_global_variables.html]
[www.tutorialspoint.com/php/php_static_variables.html]
[www.tutorialspoint.com/php/php_variable_types.html]
[www.tutorialspoint.com/php/php_constants.html]
[www.tutorialspoint.com/php/php_arithmatic_operators_examples.html]
[www.tutorialspoint.com/php/php_comparison_operators_examples.html]
[www.tutorialspoint.com/php/php_logical_operators_examples.html]
[www.tutorialspoint.com/php/php_assignment_operators_examples.html]
[www.tutorialspoint.com/php/php_conditional_operator_examples.html]
[www.tutorialspoint.com/php/php_operator_types.html]
[www.tutorialspoint.com/php/images/decision_making.jpg]
[www.tutorialspoint.com/php/php_decision_making.html]
[www.tutorialspoint.com/php/images/php_for_loop.jpg]
[www.tutorialspoint.com/php/images/php_while_loop.jpg]
[www.tutorialspoint.com/php/images/cpp_break_statement.jpg]
[www.tutorialspoint.com/php/images/cpp_continue_statement.jpg]
[www.tutorialspoint.com/php/php_loop_types.html]
[www.tutorialspoint.com/php/php_array_functions.html]
[www.tutorialspoint.com/php/php_arrays.html]
[www.tutorialspoint.com/php/php_strings.html]
[www.tutorialspoint.com/php/images/display_image_randomly.jpg]
[www.tutorialspoint.com/php/images/forms.jpg]
[www.tutorialspoint.com/php/images/browser_redirection.jpg]
[www.tutorialspoint.com/php/php_web_concepts.html]
[www.tutorialspoint.com/php/php_get_post.html]
[www.tutorialspoint.com/php/images/include.jpg]
[www.tutorialspoint.com/php/php_file_inclusion.html]
[www.tutorialspoint.com/php/images/reading_file.jpg]
[www.tutorialspoint.com/php/images/writing_file.jpg]
[www.tutorialspoint.com/php/php_file_system_functions.html]
[www.tutorialspoint.com/php/php_files.html]
[www.tutorialspoint.com/php/php_functions.html]
[www.tutorialspoint.com/php/php_cookies.html]
[www.tutorialspoint.com/php/php_sessions.html]
[www.tutorialspoint.com/php/php_sending_emails.html]
[www.tutorialspoint.com/php/images/upload_form.jpg]
[www.tutorialspoint.com/php/images/upload_script.jpg]
[www.tutorialspoint.com/php/php_file_uploading.html]
[www.tutorialspoint.com/php/php_coding_standard.html]
[www.tutorialspoint.com/php/php_predefined_variables.html]
[www.tutorialspoint.com/php/php_ereg.html]
[www.tutorialspoint.com/php/php_ereg_replace.html]
[www.tutorialspoint.com/php/php_eregi.html]
[www.tutorialspoint.com/php/php_eregi_replace.html]
[www.tutorialspoint.com/php/php_split.html]
[www.tutorialspoint.com/php/php_spliti.html]
[www.tutorialspoint.com/php/php_sql_regcase.html]
[www.tutorialspoint.com/php/php_preg_match.html]
[www.tutorialspoint.com/php/php_preg_match_all.html]
[www.tutorialspoint.com/php/php_preg_replace.html]
[www.tutorialspoint.com/php/php_preg_split.html]
[www.tutorialspoint.com/php/php_preg_grep.html]
[www.tutorialspoint.com/php/php_preg_quote.html]
[www.tutorialspoint.com/php/php_regular_expression.html]
[www.tutorialspoint.com/php/php_error_handling_functions.html]
[www.tutorialspoint.com/php/php_error_handling.html]
[www.tutorialspoint.com/php/php_bugs_debugging.html]
[www.tutorialspoint.com/php/php_date_time_functions.html]
[www.tutorialspoint.com/php/php_date_and_time.html]
[www.tutorialspoint.com/php/connect_to_mysql_using_php.html]
[www.tutorialspoint.com/php/create_mysql_database_using_php.html]
[www.tutorialspoint.com/php/delete_mysql_database_using_php.html]
[www.tutorialspoint.com/php/mysql_insert_php.html]
[www.tutorialspoint.com/php/mysql_select_php.html]
[www.tutorialspoint.com/php/mysql_paging_php.html]
[www.tutorialspoint.com/php/mysql_update_php.html]
[www.tutorialspoint.com/php/mysql_delete_php.html]
[www.tutorialspoint.com/php/perform_mysql_backup_php.html]
[www.tutorialspoint.com/php/php_and_mysql.html]
[www.tutorialspoint.com/php/php_and_ajax.html]
[www.tutorialspoint.com/php/images/parsing_xml.jpg]
[www.tutorialspoint.com/php/php_and_xml.html]
[www.tutorialspoint.com/php/php_object_oriented.html]
[www.tutorialspoint.com/php/php_for_c_developers.html]
[www.tutorialspoint.com/php/php_for_perl_developers.html]
[www.tutorialspoint.com/php/images/form_introduction.jpg]
[www.tutorialspoint.com/php/php_form_introduction.html]
[www.tutorialspoint.com/php/images/validation_example.jpg]
[www.tutorialspoint.com/php/php_validation_example.html]
[www.tutorialspoint.com/php/images/complete_form.jpg]
[www.tutorialspoint.com/php/php_complete_form.html]
[www.tutorialspoint.com/php/images/login_example.jpg]
[www.tutorialspoint.com/php/php_login_example.html]
[www.tutorialspoint.com/php/images/facebook.jpg]
[www.tutorialspoint.com/php/facebook.zip]
[www.tutorialspoint.com/php/images/facebook_login.jpg]
[www.tutorialspoint.com/php/php_facebook_login.html]
[www.tutorialspoint.com/php/paypal.zip]
[www.tutorialspoint.com/php/php_paypal_integration.html]
[www.tutorialspoint.com/php/php_mysql_login.html]
[www.tutorialspoint.com/php/images/ajax_search.jpg]
[www.tutorialspoint.com/php/php_ajax_search.html]
[www.tutorialspoint.com/php/images/xml_parser.jpg]
[www.tutorialspoint.com/php/php_ajax_xml_parser.html]
[www.tutorialspoint.com/php/images/autocomplete_search.jpg]
[www.tutorialspoint.com/php/php_ajax_autocomplete_search.html]
[www.tutorialspoint.com/php/images/rss_feed_example.jpg]
[www.tutorialspoint.com/php/ajax_rss_feed_example.html]
[www.tutorialspoint.com/php/php_xml_introduction.html]
[www.tutorialspoint.com/php/php_simple_xml.html]
[www.tutorialspoint.com/php/images/xml_get.jpg]
[www.tutorialspoint.com/php/images/node_values.jpg]
[www.tutorialspoint.com/php/php_simple_xml_get.html]
[www.tutorialspoint.com/php/images/sax.jpg]
[www.tutorialspoint.com/php/php_sax_parser_example.html]
[www.tutorialspoint.com/php/images/dom_parser_example.jpg]
[www.tutorialspoint.com/php/php_dom_parser_example.html]
[www.tutorialspoint.com/php/images/fuel_php.jpg]
[www.tutorialspoint.com/php/images/cake_php.jpg]
[www.tutorialspoint.com/php/images/flight_php.jpg]
[www.tutorialspoint.com/php/images/symfony_php.jpg]
[www.tutorialspoint.com/php/images/yiiframework_php.jpg]
[www.tutorialspoint.com/php/images/laravel_php.jpg]
[www.tutorialspoint.com/php/images/zend_php.jpg]
[www.tutorialspoint.com/php/images/codeigniter_php.jpg]
[www.tutorialspoint.com/php/images/phaicon_php.jpg]
[www.tutorialspoint.com/php/images/phpixie_php.jpg]
[www.tutorialspoint.com/php/images/agavi_php.jpg]
[www.tutorialspoint.com/php/php_frame_works.html]
[www.tutorialspoint.com/php/php_core_vs_frameworks.html]
[www.tutorialspoint.com/php/images/model_view_control.jpg]
[www.tutorialspoint.com/php/php_design_patterns.html]
[www.tutorialspoint.com/php/php_calendar_functions.html]
[www.tutorialspoint.com/php/php_class_object_functions.html]
[www.tutorialspoint.com/php/php_character_functions.html]
[www.tutorialspoint.com/php/php_directory_functions.html]
[www.tutorialspoint.com/php/php_mysql_functions.html]
[www.tutorialspoint.com/php/php_network_functions.html]
[www.tutorialspoint.com/php/php_odbc_functions.html]
[www.tutorialspoint.com/php/php_string_functions.html]
[www.tutorialspoint.com/php/php_xml_functions.html]
[www.tutorialspoint.com/php/php_xml_parsing_functions.html]
[www.tutorialspoint.com/php/php_function_reference.html]
[www.tutorialspoint.com/images/questions_and_answers.png]
[www.tutorialspoint.com/php/php_interview_questions.html]
[www.tutorialspoint.com/php/php_online_quiz.html]
[www.tutorialspoint.com/php/php_online_test.html]
[www.tutorialspoint.com/php/php_mock_test.html]
[www.tutorialspoint.com/php/php_questions_answers.html]
[images-na.ssl-images-amazon.com/images/I/41Pbr9ZcAgL._SX279_BO1,204,203,200_.jpg]
[images-na.ssl-images-amazon.com/images/I/41F0WPU3SwL._SX408_BO1,204,203,200_.jpg]
[images-na.ssl-images-amazon.com/images/I/51KKSrN22oL._SX381_BO1,204,203,200_.jpg]
[images-na.ssl-images-amazon.com/images/I/51YYtFGcREL._SX381_BO1,204,203,200_.jpg]
[images-na.ssl-images-amazon.com/images/I/51PYRnW5FOL._SX380_BO1,204,203,200_.jpg]
[images-na.ssl-images-amazon.com/images/I/51srtUqmjgL._SX380_BO1,204,203,200_.jpg]
[www.tutorialspoint.com/php/php_useful_resources.html]
[connect.facebook.net/en_US/sdk.js]
[www.tutorialspoint.com/php/php_discussion.html]
[www.paypalobjects.com/en_GB/i/btn/btn_buynowCC_LG.gif]
[www.tutorialspoint.com/php/php_tutorial.pdf]
[www.tutorialspoint.com/images/pdf.jpg]
[www.tutorialspoint.com/php/php_pdf_version.html]
[www.tutorialspoint.com/scripts/easyui/jquery-1.8.1.min.js]
[www.tutorialspoint.com/scripts/easyui/themes/gray/easyui.css]
[www.tutorialspoint.com/scripts/easyui/themes/icon.css]
[www.tutorialspoint.com/scripts/jquery.ba-resize.min.js]
[www.tutorialspoint.com/scripts/col.css]
[www.tutorialspoint.com/scripts/jquery.hotkeys.js]
[www.tutorialspoint.com/scripts/easyui/jquery.easyui.min.js]
[www.tutorialspoint.com/images/final-logo.png]
[www.tutorialspoint.com/images/loading.gif]
[www.tutorialspoint.com/php/try_php.html]
[www.tutorialspoint.com/php/php_installation_linux.html]
[www.tutorialspoint.com/php/php_installation_mac.html]
[www.tutorialspoint.com/php/php_installation_windows_iis.html]
[www.tutorialspoint.com/php/php_installation_windows_apache.html]
[www.tutorialspoint.com/php/php_apache_configuration.html]
[www.tutorialspoint.com/php/php_ini_configuration.html]
[www.tutorialspoint.com/php/php_local_variables.html]
[www.tutorialspoint.com/php/php_function_parameters.html]
[www.tutorialspoint.com/php/php_global_variables.html]
[www.tutorialspoint.com/php/php_static_variables.html]
[www.tutorialspoint.com/php/php_arithmatic_operators_examples.html]
[www.tutorialspoint.com/php/php_comparison_operators_examples.html]
[www.tutorialspoint.com/php/php_logical_operators_examples.html]
[www.tutorialspoint.com/php/php_assignment_operators_examples.html]
[www.tutorialspoint.com/php/php_conditional_operator_examples.html]
[www.tutorialspoint.com/php/php_function_array.html]
[www.tutorialspoint.com/codingground/ace/src-min/ace.js]
[www.tutorialspoint.com/php/php_function_array_change_key_case.html]
[www.tutorialspoint.com/php/php_function_array_chunk.html]
[www.tutorialspoint.com/php/php_function_array_combine.html]
[www.tutorialspoint.com/php/php_function_array_count_values.html]
[www.tutorialspoint.com/php/php_function_array_diff.html]
[www.tutorialspoint.com/php/php_function_array_diff_assoc.html]
[www.tutorialspoint.com/php/php_function_array_diff_key.html]
[www.tutorialspoint.com/php/php_function_array_diff_uassoc.html]
[www.tutorialspoint.com/php/php_function_array_diff_ukey.html]
[www.tutorialspoint.com/php/php_function_array_fills.html]
[www.tutorialspoint.com/php/php_function_array_fill_keys.html]
[www.tutorialspoint.com/php/php_function_array_filter.html]
[www.tutorialspoint.com/php/php_function_array_flip.html]
[www.tutorialspoint.com/php/php_function_array_intersect.html]
[www.tutorialspoint.com/php/php_function_array_intersect_assoc.html]
[www.tutorialspoint.com/php/php_function_array_intersect_key.html]
[www.tutorialspoint.com/php/php_function_array_intersect_uassoc.html]
[www.tutorialspoint.com/php/php_function_array_intersect_ukey.html]
[www.tutorialspoint.com/php/php_function_array_key_exists.html]
[www.tutorialspoint.com/php/php_function_array_keys.html]
[www.tutorialspoint.com/php/php_function_array_map.html]
[www.tutorialspoint.com/php/php_function_array_merge.html]
[www.tutorialspoint.com/php/php_function_array_merge_recursive.html]
[www.tutorialspoint.com/php/php_function_array_multisort.html]
[www.tutorialspoint.com/php/php_function_array_pad.html]
[www.tutorialspoint.com/php/php_function_array_pop.html]
[www.tutorialspoint.com/php/php_function_array_product.html]
[www.tutorialspoint.com/php/php_function_array_push.html]
[www.tutorialspoint.com/php/php_function_array_rand.html]
[www.tutorialspoint.com/php/php_function_array_reduce.html]
[www.tutorialspoint.com/php/php_function_array_reverse.html]
[www.tutorialspoint.com/php/php_function_array_search.html]
[www.tutorialspoint.com/php/php_function_array_shift.html]
[www.tutorialspoint.com/php/php_function_array_slice.html]
[www.tutorialspoint.com/php/php_function_array_splice.html]
[www.tutorialspoint.com/php/php_function_array_sum.html]
[www.tutorialspoint.com/php/php_function_array_udiff.html]
[www.tutorialspoint.com/php/php_function_array_udiff_assoc.html]
[www.tutorialspoint.com/php/php_function_array_udiff_uassoc.html]
[www.tutorialspoint.com/php/php_function_array_uintersect.html]
[www.tutorialspoint.com/php/php_function_array_uintersect_assoc.html]
[www.tutorialspoint.com/php/php_function_array_uintersect_uassoc.html]
[www.tutorialspoint.com/php/php_function_array_unique.html]
[www.tutorialspoint.com/php/php_function_array_unshift.html]
[www.tutorialspoint.com/php/php_function_array_values.html]
[www.tutorialspoint.com/php/php_function_array_walk.html]
[www.tutorialspoint.com/php/php_function_array_walk_recursive.html]
[www.tutorialspoint.com/php/php_function_arsort.html]
[www.tutorialspoint.com/php/php_function_asort.html]
[www.tutorialspoint.com/php/php_function_compact.html]
[www.tutorialspoint.com/php/php_function_count.html]
[www.tutorialspoint.com/php/php_function_current.html]
[www.tutorialspoint.com/php/php_function_each.html]
[www.tutorialspoint.com/php/php_function_end.html]
[www.tutorialspoint.com/php/php_function_extract.html]
[www.tutorialspoint.com/php/php_function_in_array.html]
[www.tutorialspoint.com/php/php_function_key.html]
[www.tutorialspoint.com/php/php_function_krsort.html]
[www.tutorialspoint.com/php/php_function_ksort.html]
[www.tutorialspoint.com/php/php_function_list.html]
[www.tutorialspoint.com/php/php_function_natcasesort.html]
[www.tutorialspoint.com/php/php_function_natsort.html]
[www.tutorialspoint.com/php/php_function_next.html]
[www.tutorialspoint.com/php/php_function_pos.html]
[www.tutorialspoint.com/php/php_function_prev.html]
[www.tutorialspoint.com/php/php_function_range.html]
[www.tutorialspoint.com/php/php_function_reset.html]
[www.tutorialspoint.com/php/php_function_rsort.html]
[www.tutorialspoint.com/php/php_function_shuffle.html]
[www.tutorialspoint.com/php/php_function_sizeof.html]
[www.tutorialspoint.com/php/php_function_sort.html]
[www.tutorialspoint.com/php/php_function_uasort.html]
[www.tutorialspoint.com/php/php_function_uksort.html]
[www.tutorialspoint.com/php/php_function_usort.html]
[www.tutorialspoint.com/php/php_array_functions.html]
[www.tutorialspoint.com/php/php_function_basename.html]
[www.tutorialspoint.com/php/php_function_chgrp.html]
[www.tutorialspoint.com/php/php_function_chmod.html]
[www.tutorialspoint.com/php/php_function_chown.html]
[www.tutorialspoint.com/php/php_function_clearstatcache.html]
[www.tutorialspoint.com/php/php_function_copy.html]
[www.tutorialspoint.com/php/php_function_delete.html]
[www.tutorialspoint.com/php/php_function_dirname.html]
[www.tutorialspoint.com/php/php_function_disk_free_space.html]
[www.tutorialspoint.com/php/php_function_disk_total_space.html]
[www.tutorialspoint.com/php/php_function_diskfreespace.html]
[www.tutorialspoint.com/php/php_function_fclose.html]
[www.tutorialspoint.com/php/php_function_feof.html]
[www.tutorialspoint.com/php/php_function_fflush.html]
[www.tutorialspoint.com/php/php_function_fgetc.html]
[www.tutorialspoint.com/php/php_function_fgetcsv.html]
[www.tutorialspoint.com/php/php_function_fgets.html]
[www.tutorialspoint.com/php/php_function_fgetss.html]
[www.tutorialspoint.com/php/php_function_file_exists.html]
[www.tutorialspoint.com/php/php_function_file_get_contents.html]
[www.tutorialspoint.com/php/php_function_file_put_contents.html]
[www.tutorialspoint.com/php/php_function_file.html]
[www.tutorialspoint.com/php/php_function_fileatime.html]
[www.tutorialspoint.com/php/php_function_filectime.html]
[www.tutorialspoint.com/php/php_function_filegroup.html]
[www.tutorialspoint.com/php/php_file_system_functions.html]
[www.tutorialspoint.com/php/images/ereg.jpg]
[www.tutorialspoint.com/php/php_ereg.html]
[www.tutorialspoint.com/php/images/ereg_replace.jpg]
[www.tutorialspoint.com/php/php_ereg_replace.html]
[www.tutorialspoint.com/php/php_eregi.html]
[www.tutorialspoint.com/php/images/eregi_replace.jpg]
[www.tutorialspoint.com/php/php_eregi_replace.html]
[www.tutorialspoint.com/php/images/split.jpg]
[www.tutorialspoint.com/php/php_split.html]
[www.tutorialspoint.com/php/images/spliti.jpg]
[www.tutorialspoint.com/php/php_spliti.html]
[www.tutorialspoint.com/php/images/sql_regcase.jpg]
[www.tutorialspoint.com/php/php_sql_regcase.html]
[www.tutorialspoint.com/php/php_preg_match.html]
[www.tutorialspoint.com/php/php_preg_match_all.html]
[www.tutorialspoint.com/php/php_preg_replace.html]
[www.tutorialspoint.com/php/images/preg_split.jpg]
[www.tutorialspoint.com/php/php_preg_split.html]
[www.tutorialspoint.com/php/php_preg_grep.html]
[www.tutorialspoint.com/php/php_preg_quote.html]
[www.tutorialspoint.com/php/php_function_debug_backtrace.html]
[www.tutorialspoint.com/php/php_function_debug_print_backtrace.html]
[www.tutorialspoint.com/php/php_function_error_get_last.html]
[www.tutorialspoint.com/php/php_function_error_log.html]
[www.tutorialspoint.com/php/php_function_error_reporting.html]
[www.tutorialspoint.com/php/php_function_restore_error_handler.html]
[www.tutorialspoint.com/php/php_function_restore_exception_handler.html]
[www.tutorialspoint.com/php/php_function_set_error_handler.html]
[www.tutorialspoint.com/php/php_function_set_exception_handler.html]
[www.tutorialspoint.com/php/php_function_trigger_error.html]
[www.tutorialspoint.com/php/php_function_user_error.html]
[www.tutorialspoint.com/php/php_error_handling_functions.html]
[www.tutorialspoint.com/php/php_function_checkdate.html]
[www.tutorialspoint.com/php/php_function_date_create.html]
[www.tutorialspoint.com/php/php_function_date_date_set.html]
[www.tutorialspoint.com/php/php_function_default_timezone_get.html]
[www.tutorialspoint.com/php/php_function_default_timezone_set.html]
[www.tutorialspoint.com/php/php_function_date_format.html]
[www.tutorialspoint.com/php/php_function_date_isodate_set.html]
[www.tutorialspoint.com/php/php_function_date_modify.html]
[www.tutorialspoint.com/php/php_function_date_offset_get.html]
[www.tutorialspoint.com/php/php_function_date_parse.html]
[www.tutorialspoint.com/php/php_function_date_sun_info.html]
[www.tutorialspoint.com/php/php_function_sunrise.html]
[www.tutorialspoint.com/php/php_function_sunset.html]
[www.tutorialspoint.com/php/php_function_date_time_set.html]
[www.tutorialspoint.com/php/php_function_date_timezone_get.html]
[www.tutorialspoint.com/php/php_function_date_timezone_set.html]
[www.tutorialspoint.com/php/php_function_date.html]
[www.tutorialspoint.com/php/php_function_getdate.html]
[www.tutorialspoint.com/php/php_function_gettimeofday.html]
[www.tutorialspoint.com/php/php_function_gmdate.html]
[www.tutorialspoint.com/php/php_function_gmmktime.html]
[www.tutorialspoint.com/php/php_function_gmstrftime.html]
[www.tutorialspoint.com/php/php_function_idate.html]
[www.tutorialspoint.com/php/php_function_localtime.html]
[www.tutorialspoint.com/php/php_function_microtime.html]
[www.tutorialspoint.com/php/php_function_mktime.html]
[www.tutorialspoint.com/php/php_function_strftime.html]
[www.tutorialspoint.com/php/php_function_strptime.html]
[www.tutorialspoint.com/php/php_function_strtotime.html]
[www.tutorialspoint.com/php/php_function_time.html]
[www.tutorialspoint.com/php/php_function_timezone_abbreviations_list.html]
[www.tutorialspoint.com/php/php_function_timezone_identifiers_list.html]
[www.tutorialspoint.com/php/php_function_timezone_name_from_abbr.html]
[www.tutorialspoint.com/php/php_function_timezone_name_get.html]
[www.tutorialspoint.com/php/php_function_timezone_offset_get.html]
[www.tutorialspoint.com/php/php_function_timezone_open.html]
[www.tutorialspoint.com/php/php_function_timezone_transitions_get.html]
[www.tutorialspoint.com/php/php_date_time_functions.html]
[www.tutorialspoint.com/php/connect_to_mysql_using_php.html]
[www.tutorialspoint.com/php/create_mysql_database_using_php.html]
[www.tutorialspoint.com/php/delete_mysql_database_using_php.html]
[www.tutorialspoint.com/php/mysql_insert_php.html]
[www.tutorialspoint.com/php/mysql_select_php.html]
[www.tutorialspoint.com/php/mysql_paging_php.html]
[www.tutorialspoint.com/php/mysql_update_php.html]
[www.tutorialspoint.com/php/mysql_delete_php.html]
[www.tutorialspoint.com/php/perform_mysql_backup_php.html]
[www.tutorialspoint.com/php/php_function_cal_days_in_month.html]
[www.tutorialspoint.com/php/php_function_cal_from_jd.html]
[www.tutorialspoint.com/php/php_function_cal_to_jd.html]
[www.tutorialspoint.com/php/php_function_easter_date.html]
[www.tutorialspoint.com/php/php_function_easter_days.html]
[www.tutorialspoint.com/php/php_function_frenchtojd.html]
[www.tutorialspoint.com/php/php_function_gregoriantojd.html]
[www.tutorialspoint.com/php/php_function_jddayofweek.html]
[www.tutorialspoint.com/php/php_function_jdmonthname.html]
[www.tutorialspoint.com/php/php_function_jdtofrench.html]
[www.tutorialspoint.com/php/php_function_jdtogregorian.html]
[www.tutorialspoint.com/php/php_function_jdtojewish.html]
[www.tutorialspoint.com/php/php_function_jdtojulian.html]
[www.tutorialspoint.com/php/php_function_jdtounix.html]
[www.tutorialspoint.com/php/php_function_jewishtojd.html]
[www.tutorialspoint.com/php/php_function_juliantojd.html]
[www.tutorialspoint.com/php/php_function_unixtojd.html]
[www.tutorialspoint.com/php/php_calendar_functions.html]
[www.tutorialspoint.com/php/php_function_class_exists.html]
[www.tutorialspoint.com/php/php_function_get_class_methods.html]
[www.tutorialspoint.com/php/php_function_get_class_vars.html]
[www.tutorialspoint.com/php/php_function_get_class.html]
[www.tutorialspoint.com/php/php_function_get_declared_classes.html]
[www.tutorialspoint.com/php/php_function_get_declared_interfaces.html]
[www.tutorialspoint.com/php/php_function_get_object_vars.html]
[www.tutorialspoint.com/php/php_function_get_parent_class.html]
[www.tutorialspoint.com/php/php_function_interface_exists.html]
[www.tutorialspoint.com/php/php_function_is_a.html]
[www.tutorialspoint.com/php/php_function_is_subclass_of.html]
[www.tutorialspoint.com/php/php_function_method_exists.html]
[www.tutorialspoint.com/php/php_function_property_exists.html]
[www.tutorialspoint.com/php/php_class_object_functions.html]
[www.tutorialspoint.com/php/php_function_ctype_alnum.html]
[www.tutorialspoint.com/php/php_function_ctype_alpha.html]
[www.tutorialspoint.com/php/php_function_ctype_cntrl.html]
[www.tutorialspoint.com/php/php_function_ctype_digit.html]
[www.tutorialspoint.com/php/php_function_ctype_graph.html]
[www.tutorialspoint.com/php/php_function_ctype_lower.html]
[www.tutorialspoint.com/php/php_function_ctype_print.html]
[www.tutorialspoint.com/php/php_function_ctype_punct.html]
[www.tutorialspoint.com/php/php_function_ctype_space.html]
[www.tutorialspoint.com/php/php_function_ctype_upper.html]
[www.tutorialspoint.com/php/php_function_ctype_xdigit.html]
[www.tutorialspoint.com/php/php_character_functions.html]
[www.tutorialspoint.com/php/php_function_chdir.html]
[www.tutorialspoint.com/php/php_function_chroot.html]
[www.tutorialspoint.com/php/php_function_dir.html]
[www.tutorialspoint.com/php/php_function_closedir.html]
[www.tutorialspoint.com/php/php_function_getcwd.html]
[www.tutorialspoint.com/php/php_function_opendir.html]
[www.tutorialspoint.com/php/php_function_readdir.html]
[www.tutorialspoint.com/php/php_function_rewinddir.html]
[www.tutorialspoint.com/php/php_function_scandir.html]
[www.tutorialspoint.com/php/php_directory_functions.html]
[www.tutorialspoint.com/php/php_mysqli_affected_rows.html]
[www.tutorialspoint.com/php/php_mysqli_client_encoding.html]
[www.tutorialspoint.com/php/php_function_mysqli_close.html]
[www.tutorialspoint.com/php/php_function_mysqli_connect.html]
[www.tutorialspoint.com/php/php_mysqli_create_db.html]
[www.tutorialspoint.com/php/php_mysqli_change_user.html]
[www.tutorialspoint.com/php/mysqli_character_set_name.html]
[www.tutorialspoint.com/php/php_mysqli_connect_errno.html]
[www.tutorialspoint.com/php/php_mysqli_data_seek.html]
[www.tutorialspoint.com/php/php_function_mysqli_debug.html]
[www.tutorialspoint.com/php/php_dump_debug_info.html]
[www.tutorialspoint.com/php/php_mysqli_error_list.html]
[www.tutorialspoint.com/php/php_function_mysqli_error.html]
[www.tutorialspoint.com/php/php_mysqli_fetch_all.html]
[www.tutorialspoint.com/php/php_mysqli_fetch_array.html]
[www.tutorialspoint.com/php/php_mysqli_fetch_assoc.html]
[www.tutorialspoint.com/php/mysqli_fetch_field_direct.html]
[www.tutorialspoint.com/php/php_mysqli_fetch_fields.html]
[www.tutorialspoint.com/php/php_mysqli_fetch_lengths.html]
[www.tutorialspoint.com/php/php_mysqli_fetch_object.html]
[www.tutorialspoint.com/php/php_mysqli_field_count.html]
[www.tutorialspoint.com/php/php_mysqli_field_seek.html]
[www.tutorialspoint.com/php/php_mysqli_field_tell.html]
[www.tutorialspoint.com/php/php_mysqli_free_result.html]
[www.tutorialspoint.com/php/php_mysqli_get_charset.html]
[www.tutorialspoint.com/php/mysqli_get_client_info.html]
[www.tutorialspoint.com/php/mysqli_get_client_stats.html]
[www.tutorialspoint.com/php/mysqli_get_client_version.html]
[www.tutorialspoint.com/php/mysqli_get_connection_stats.html]
[www.tutorialspoint.com/php/mysqli_get_host_info.html]
[www.tutorialspoint.com/php/mysqli_get_proto_info.html]
[www.tutorialspoint.com/php/mysqli_get_server_info.html]
[www.tutorialspoint.com/php/php_function_mysqli_info.html]
[www.tutorialspoint.com/php/php_function_mysqli_init.html]
[www.tutorialspoint.com/php/php_mysqli_insert_id.html]
[www.tutorialspoint.com/php/php_function_mysqli_kill.html]
[www.tutorialspoint.com/php/php_mysqli_more_results.html]
[www.tutorialspoint.com/php/php_mysqli_multi_query.html]
[www.tutorialspoint.com/php/php_mysqli_next_result.html]
[www.tutorialspoint.com/php/php_mysqli_num_fields.html]
[www.tutorialspoint.com/php/php_mysqli_num_rows.html]
[www.tutorialspoint.com/php/php_function_mysqli_options.html]
[www.tutorialspoint.com/php/php_function_mysqli_ping.html]
[www.tutorialspoint.com/php/php_function_mysqli_query.html]
[www.tutorialspoint.com/php/php_mysqli_real_connect.html]
[www.tutorialspoint.com/php/mysqli_real_escape_string.html]
[www.tutorialspoint.com/php/php_function_mysqli_refresh.html]
[www.tutorialspoint.com/php/php_function_mysqli_rollback.html]
[www.tutorialspoint.com/php/php_mysqli_select_db.html]
[www.tutorialspoint.com/php/php_mysqli_set_charset.html]
[www.tutorialspoint.com/php/php_function_mysqli_sqlstate.html]
[www.tutorialspoint.com/php/php_mysqli_ssl_set.html]
[www.tutorialspoint.com/php/php_function_mysqli_stat.html]
[www.tutorialspoint.com/php/php_mysqli_stmt_init.html]
[www.tutorialspoint.com/php/php_mysqli_thread_id.html]
[www.tutorialspoint.com/php/php_mysqli_thread_safe.html]
[www.tutorialspoint.com/php/php_mysql_functions.html]
[www.tutorialspoint.com/php/php_function_closelog.html]
[www.tutorialspoint.com/php/php_function_fsockopen.html]
[www.tutorialspoint.com/php/php_function_gethostbyaddr.html]
[www.tutorialspoint.com/php/php_function_gethostbynamel.html]
[www.tutorialspoint.com/php/php_function_gethostname.html]
[www.tutorialspoint.com/php/php_function_getmxrr.html]
[www.tutorialspoint.com/php/php_function_getprotobyname.html]
[www.tutorialspoint.com/php/php_function_getprotobynumber.html]
[www.tutorialspoint.com/php/php_function_getservbyport.html]
[www.tutorialspoint.com/php/php_header_register_callback.html]
[www.tutorialspoint.com/php/php_function_header_remove.html]
[www.tutorialspoint.com/php/php_function_header.html]
[www.tutorialspoint.com/php/php_function_header_list.html]
[www.tutorialspoint.com/php/php_function_headers_sent.html]
[www.tutorialspoint.com/php/php_http_response_code.html]
[www.tutorialspoint.com/php/php_function_inet_ntop.html]
[www.tutorialspoint.com/php/php_function_inet_pton.html]
[www.tutorialspoint.com/php/php_function_ip2long.html]
[www.tutorialspoint.com/php/php_function_long2ip.html]
[www.tutorialspoint.com/php/php_function_openlog.html]
[www.tutorialspoint.com/php/php_function_pfsockopen.html]
[www.tutorialspoint.com/php/php_function_setcookie.html]
[www.tutorialspoint.com/php/php_function_setrawcookie.html]
[www.tutorialspoint.com/php/php_function_socket_set_blocking.html]
[www.tutorialspoint.com/php/php_network_functions.html]
[www.tutorialspoint.com/php/php_function_autocommit.html]
[www.tutorialspoint.com/php/php_function_binmode.html]
[www.tutorialspoint.com/php/php_function_close_all.html]
[www.tutorialspoint.com/php/php_function_close.html]
[www.tutorialspoint.com/php/php_function_columnprivileges.html]
[www.tutorialspoint.com/php/php_function_columns.html]
[www.tutorialspoint.com/php/php_function_commit.html]
[www.tutorialspoint.com/php/php_function_connect.html]
[www.tutorialspoint.com/php/php_function_cursor.html]
[www.tutorialspoint.com/php/php_data_source.html]
[www.tutorialspoint.com/php/php_function_error.html]
[www.tutorialspoint.com/php/php_function_errormsg.html]
[www.tutorialspoint.com/php/php_function_exece.html]
[www.tutorialspoint.com/php/php_function_fetch_array.html]
[www.tutorialspoint.com/php/php_function_fetch_into.html]
[www.tutorialspoint.com/php/php_function_fetch_object.html]
[www.tutorialspoint.com/php/php_function_fetch_row.html]
[www.tutorialspoint.com/php/php_function_field_len.html]
[www.tutorialspoint.com/php/php_function_field_name.html]
[www.tutorialspoint.com/php/php_function_field_num.html]
[www.tutorialspoint.com/php/php_function_field_scale.html]
[www.tutorialspoint.com/php/php_function_field_type.html]
[www.tutorialspoint.com/php/php_function_foreignkeys.html]
[www.tutorialspoint.com/php/php_function_free_result.html]
[www.tutorialspoint.com/php/php_function_gettypeinfo.html]
[www.tutorialspoint.com/php/php_function_longreadlen.html]
[www.tutorialspoint.com/php/php_function_next_result.html]
[www.tutorialspoint.com/php/php_function_num_rows.html]
[www.tutorialspoint.com/php/php_function_pconnect.html]
[www.tutorialspoint.com/php/php_function_prepare.html]
[www.tutorialspoint.com/php/php_function_primarykeys.html]
[www.tutorialspoint.com/php/php_function_procedurecolumns.html]
[www.tutorialspoint.com/php/php_function_procedures.html]
[www.tutorialspoint.com/php/php_function_result_all.html]
[www.tutorialspoint.com/php/php_function_result.html]
[www.tutorialspoint.com/php/php_function_rollback.html]
[www.tutorialspoint.com/php/php_function_setoption.html]
[www.tutorialspoint.com/php/php_function_specialcolumns.html]
[www.tutorialspoint.com/php/php_function_statistics.html]
[www.tutorialspoint.com/php/php_function_tableprivileges.html]
[www.tutorialspoint.com/php/php_function_tables.html]
[www.tutorialspoint.com/php/php_odbc_functions.html]
[www.tutorialspoint.com/php/php_function_addcslashes.html]
[www.tutorialspoint.com/php/php_function_addslashes.html]
[www.tutorialspoint.com/php/php_function_bin2hex.html]
[www.tutorialspoint.com/php/php_function_chop.html]
[www.tutorialspoint.com/php/php_function_chr.html]
[www.tutorialspoint.com/php/php_function_chunk_split.html]
[www.tutorialspoint.com/php/php_function_convert_cyr_string.html]
[www.tutorialspoint.com/php/php_function_convert_uudecode.html]
[www.tutorialspoint.com/php/php_function_count_chars.html]
[www.tutorialspoint.com/php/php_function_crc32.html]
[www.tutorialspoint.com/php/php_function_crypt.html]
[www.tutorialspoint.com/php/php_function_echo.html]
[www.tutorialspoint.com/php/php_function_explode.html]
[www.tutorialspoint.com/php/php_function_fprintf.html]
[www.tutorialspoint.com/php/php_get_html_translation_table.html]
[www.tutorialspoint.com/php/php_function_hebrev.html]
[www.tutorialspoint.com/php/php_function_hebrevc.html]
[www.tutorialspoint.com/php/php_function_hex2bin.html]
[www.tutorialspoint.com/php/php_function_html_entity_decode.html]
[www.tutorialspoint.com/php/php_function_htmlentities.html]
[www.tutorialspoint.com/php/php_function_htmlspecialchars_decode.html]
[www.tutorialspoint.com/php/php_function_htmlspecialchars.html]
[www.tutorialspoint.com/php/php_function_implode.html]
[www.tutorialspoint.com/php/php_function_join.html]
[www.tutorialspoint.com/php/php_function_lcfirst.html]
[www.tutorialspoint.com/php/php_function_levenshtein.html]
[www.tutorialspoint.com/php/php_function_localeconv.html]
[www.tutorialspoint.com/php/php_function_ltrim.html]
[www.tutorialspoint.com/php/php_function_md5_file.html]
[www.tutorialspoint.com/php/php_function_md5.html]
[www.tutorialspoint.com/php/php_function_metaphone.html]
[www.tutorialspoint.com/php/php_function_money_format.html]
[www.tutorialspoint.com/php/php_function_nl_langinfo.html]
[www.tutorialspoint.com/php/php_function_nl2br.html]
[www.tutorialspoint.com/php/php_function_number_format.html]
[www.tutorialspoint.com/php/php_function_ord.html]
[www.tutorialspoint.com/php/php_function_parse_str.html]
[www.tutorialspoint.com/php/php_function_print.html]
[www.tutorialspoint.com/php/php_function_printf.html]
[www.tutorialspoint.com/php/php_quoted_printable_decode.html]
[www.tutorialspoint.com/php/php_quoted_printable_encode.html]
[www.tutorialspoint.com/php/php_function_quotemeta.html]
[www.tutorialspoint.com/php/php_function_rtrim.html]
[www.tutorialspoint.com/php/php_function_setlocale.html]
[www.tutorialspoint.com/php/php_function_sha1_file.html]
[www.tutorialspoint.com/php/php_function_sha1.html]
[www.tutorialspoint.com/php/php_function_similar_text.html]
[www.tutorialspoint.com/php/php_function_soundex.html]
[www.tutorialspoint.com/php/php_function_sprintf.html]
[www.tutorialspoint.com/php/php_function_str_getcsv.html]
[www.tutorialspoint.com/php/php_function_str_ireplace.html]
[www.tutorialspoint.com/php/php_function_str_pad.html]
[www.tutorialspoint.com/php/php_function_str_repeat.html]
[www.tutorialspoint.com/php/php_function_str_replace.html]
[www.tutorialspoint.com/php/php_function_str_rot13.html]
[www.tutorialspoint.com/php/php_function_str_shuffle.html]
[www.tutorialspoint.com/php/php_function_str_split.html]
[www.tutorialspoint.com/php/php_function_str_word_count.html]
[www.tutorialspoint.com/php/php_function_strcasecmp.html]
[www.tutorialspoint.com/php/php_function_strchr.html]
[www.tutorialspoint.com/php/php_function_strcmp.html]
[www.tutorialspoint.com/php/php_function_strcoll.html]
[www.tutorialspoint.com/php/php_function_strcspn.html]
[www.tutorialspoint.com/php/php_function_strip_tags.html]
[www.tutorialspoint.com/php/php_function_stripcslashes.html]
[www.tutorialspoint.com/php/php_function_stripos.html]
[www.tutorialspoint.com/php/php_function_stripslashes.html]
[www.tutorialspoint.com/php/php_function_stristr.html]
[www.tutorialspoint.com/php/php_function_strlen.html]
[www.tutorialspoint.com/php/php_function_strnatcasecmp.html]
[www.tutorialspoint.com/php/php_function_strnatcmp.html]
[www.tutorialspoint.com/php/php_function_strncasecmp.html]
[www.tutorialspoint.com/php/php_function_strncmp.html]
[www.tutorialspoint.com/php/php_function_strpbrk.html]
[www.tutorialspoint.com/php/php_function_strpos.html]
[www.tutorialspoint.com/php/php_function_strrchr.html]
[www.tutorialspoint.com/php/php_function_strrev.html]
[www.tutorialspoint.com/php/php_function_strripos.html]
[www.tutorialspoint.com/php/php_function_strspn.html]
[www.tutorialspoint.com/php/php_function_strstr.html]
[www.tutorialspoint.com/php/php_function_strtok.html]
[www.tutorialspoint.com/php/php_function_strtolower.html]
[www.tutorialspoint.com/php/php_function_strtoupper.html]
[www.tutorialspoint.com/php/php_function_strtr.html]
[www.tutorialspoint.com/php/php_function_substr_compare.html]
[www.tutorialspoint.com/php/php_function_substr_count.html]
[www.tutorialspoint.com/php/php_function_substr_replace.html]
[www.tutorialspoint.com/php/php_function_substr.html]
[www.tutorialspoint.com/php/php_function_trim.html]
[www.tutorialspoint.com/php/php_function_ucfirst.html]
[www.tutorialspoint.com/php/php_function_ucwords.html]
[www.tutorialspoint.com/php/php_function_vfprintf.html]
[www.tutorialspoint.com/php/php_function_vprintf.html]
[www.tutorialspoint.com/php/php_function_vsprintf.html]
[www.tutorialspoint.com/php/php_function_wordwrap.html]
[www.tutorialspoint.com/php/php_string_functions.html]
[www.tutorialspoint.com/php/php_simplexml_import_dom.html]
[www.tutorialspoint.com/php/php_simplexml_load_file.html]
[www.tutorialspoint.com/php/php_simplexml_load_string.html]
[www.tutorialspoint.com/php/php_xml_functions.html]
[www.tutorialspoint.com/php/php_function_utf8_decode.html]
[www.tutorialspoint.com/php/php_function_utf8_encode.html]
[www.tutorialspoint.com/php/php_xml_error_string.html]
[www.tutorialspoint.com/php/php_xml_get_current_byte_index.html]
[www.tutorialspoint.com/php/php_xml_get_current_column_number.html]
[www.tutorialspoint.com/php/php_xml_get_current_line_number.html]
[www.tutorialspoint.com/php/php_xml_get_error_code.html]
[www.tutorialspoint.com/php/php_xml_parse_into_struct.html]
[www.tutorialspoint.com/php/php_xml_parser_create_ns.html]
[www.tutorialspoint.com/php/php_xml_parser_create.html]
[www.tutorialspoint.com/php/php_xml_parser_free.html]
[www.tutorialspoint.com/php/php_xml_parser_get_option.html]
[www.tutorialspoint.com/php/php_xml_parser_set_option.html]
[www.tutorialspoint.com/php/php_xml_set_character_data_handler.html]
[www.tutorialspoint.com/php/php_xml_set_default_handler.html]
[www.tutorialspoint.com/php/php_xml_set_element_handler.html]
[www.tutorialspoint.com/php/php_xml_set_end_namespace_decl_handler.html]
[www.tutorialspoint.com/php/xml_set_external_entity_ref_handler.html]
[www.tutorialspoint.com/php/php_xml_set_notation_decl_handler.html]
[www.tutorialspoint.com/php/php_xml_set_object.html]
[www.tutorialspoint.com/php/php_xml_set_processing_instruction_handler.html]
[www.tutorialspoint.com/php/php_xml_set_start_namespace_decl_handler.html]
[www.tutorialspoint.com/php/php_xml_set_unparsed_entity_decl_handler.html]
[www.tutorialspoint.com/php/php_xml_parsing_functions.html]
[www.tutorialspoint.com/php/php_interview_questions.html]
[www.tutorialspoint.com/theme/js/exams.js]
[www.tutorialspoint.com/php/php_online_quiz.html]
[www.tutorialspoint.com/theme/js/jquery.timer.min.js]
[www.tutorialspoint.com/php/php_online_test.html]
[www.tutorialspoint.com/images/online_mock_tests.png]
[www.tutorialspoint.com/php/php_mock_test56cb.html]
[www.tutorialspoint.com/php/php_mock_testc907.html]
[www.tutorialspoint.com/php/php_mock_testc34b.html]
[www.tutorialspoint.com/php/php_mock_testabbb.html]
[www.tutorialspoint.com/php/pdf/php_mock_test_i.pdf]
[www.tutorialspoint.com/theme/js/exams-min.js]
[www.tutorialspoint.com/php/php_mock_test.html]
[www.tutorialspoint.com/php/ABCDEFGHIJKLMNOPQRSTUVWXYZabcdefghijklmnopqrstuvwxyz0123456789+/index.html]
[connect.facebook.net/en_US/sdk.js]
[www.tutorialspoint.com/php/dialog/index.html]
[www.tutorialspoint.com/scripts/easyui/themes/gray/images/blank.gif]
[www.tutorialspoint.com/scripts/easyui/themes/gray/images/loading.gif]
[www.tutorialspoint.com/scripts/easyui/themes/gray/images/panel_tools.png]
[www.tutorialspoint.com/scripts/easyui/themes/gray/images/accordion_arrows.png]
[www.tutorialspoint.com/scripts/easyui/themes/gray/images/combo_arrow.png]
[www.tutorialspoint.com/scripts/easyui/themes/gray/images/layout_arrows.png]
[www.tutorialspoint.com/scripts/easyui/themes/gray/images/tabs_icons.png]
[www.tutorialspoint.com/scripts/easyui/themes/gray/images/linkbutton_bg.png]
[www.tutorialspoint.com/scripts/easyui/themes/gray/images/datagrid_icons.png]
[www.tutorialspoint.com/scripts/easyui/themes/gray/images/pagination_icons.png]
[www.tutorialspoint.com/scripts/easyui/themes/gray/images/calendar_arrows.png]
[www.tutorialspoint.com/scripts/easyui/themes/gray/images/datebox_arrow.png]
[www.tutorialspoint.com/scripts/easyui/themes/gray/images/spinner_arrows.png]
[www.tutorialspoint.com/scripts/easyui/themes/gray/images/searchbox_button.png]
[www.tutorialspoint.com/scripts/easyui/themes/gray/images/slider_handle.png]
[www.tutorialspoint.com/scripts/easyui/themes/gray/images/menu_arrows.png]
[www.tutorialspoint.com/scripts/easyui/themes/gray/images/messager_icons.png]
[www.tutorialspoint.com/scripts/easyui/themes/gray/images/tree_icons.png]
[www.tutorialspoint.com/scripts/easyui/themes/gray/images/validatebox_warning.png]
[www.tutorialspoint.com/scripts/easyui/themes/gray/images/validatebox_arrows.png]
[www.tutorialspoint.com/scripts/easyui/themes/gray/easyui.css]
[www.tutorialspoint.com/scripts/easyui/themes/icons/english.png]
[www.tutorialspoint.com/scripts/easyui/themes/icons/english-us.png]
[www.tutorialspoint.com/scripts/easyui/themes/icons/polish.png]
[www.tutorialspoint.com/scripts/easyui/themes/icons/german.png]
[www.tutorialspoint.com/scripts/easyui/themes/icons/portuguese.png]
[www.tutorialspoint.com/scripts/easyui/themes/icons/chinese.png]
[www.tutorialspoint.com/scripts/easyui/themes/icons/japanese.png]
[www.tutorialspoint.com/scripts/easyui/themes/icons/french.png]
[www.tutorialspoint.com/scripts/easyui/themes/icons/spanish.png]
[www.tutorialspoint.com/scripts/easyui/themes/icons/russia.png]
[www.tutorialspoint.com/scripts/easyui/themes/icons/blank.gif]
[www.tutorialspoint.com/scripts/easyui/themes/icons/about.png]
[www.tutorialspoint.com/scripts/easyui/themes/icons/download.png]
[www.tutorialspoint.com/scripts/easyui/themes/icons/result.png]
[www.tutorialspoint.com/scripts/easyui/themes/icons/home.png]
[www.tutorialspoint.com/scripts/easyui/themes/icons/languages.png]
[www.tutorialspoint.com/scripts/easyui/themes/icons/compile.png]
[www.tutorialspoint.com/scripts/easyui/themes/icons/edit_add.png]
[www.tutorialspoint.com/scripts/easyui/themes/icons/pencil.png]
[www.tutorialspoint.com/scripts/easyui/themes/icons/edit_remove.png]
[www.tutorialspoint.com/scripts/easyui/themes/icons/filesave.png]
[www.tutorialspoint.com/scripts/easyui/themes/icons/cut.png]
[www.tutorialspoint.com/scripts/easyui/themes/icons/ok.png]
[www.tutorialspoint.com/scripts/easyui/themes/icons/no.png]
[www.tutorialspoint.com/scripts/easyui/themes/icons/cancel.png]
[www.tutorialspoint.com/scripts/easyui/themes/icons/reload.png]
[www.tutorialspoint.com/scripts/easyui/themes/icons/search.png]
[www.tutorialspoint.com/scripts/easyui/themes/icons/print.png]
[www.tutorialspoint.com/scripts/easyui/themes/icons/help.png]
[www.tutorialspoint.com/scripts/easyui/themes/icons/undo.png]
[www.tutorialspoint.com/scripts/easyui/themes/icons/redo.png]
[www.tutorialspoint.com/scripts/easyui/themes/icons/back.png]
[www.tutorialspoint.com/scripts/easyui/themes/icons/sum.png]
[www.tutorialspoint.com/scripts/easyui/themes/icons/tip.png]
[www.tutorialspoint.com/scripts/easyui/themes/icons/mini_add.png]
[www.tutorialspoint.com/scripts/easyui/themes/icons/mini_edit.png]
[www.tutorialspoint.com/scripts/easyui/themes/icons/mini_refresh.png]
[www.tutorialspoint.com/scripts/easyui/themes/icon.css]
[www.tutorialspoint.com/scripts/col.css]
[www.tutorialspoint.com/php/php_function_array.html]
[www.tutorialspoint.com/php/php_function_array_change_key_case.html]
[www.tutorialspoint.com/php/php_function_array_chunk.html]
[www.tutorialspoint.com/php/php_function_array_combine.html]
[www.tutorialspoint.com/php/php_function_array_count_values.html]
[www.tutorialspoint.com/php/php_function_array_diff.html]
[www.tutorialspoint.com/php/php_function_array_diff_assoc.html]
[www.tutorialspoint.com/php/php_function_array_diff_key.html]
[www.tutorialspoint.com/php/php_function_array_diff_uassoc.html]
[www.tutorialspoint.com/php/php_function_array_diff_ukey.html]
[www.tutorialspoint.com/php/php_function_array_fills.html]
[www.tutorialspoint.com/php/php_function_array_fill_keys.html]
[www.tutorialspoint.com/php/php_function_array_filter.html]
[www.tutorialspoint.com/php/php_function_array_flip.html]
[www.tutorialspoint.com/php/php_function_array_intersect.html]
[www.tutorialspoint.com/php/php_function_array_intersect_assoc.html]
[www.tutorialspoint.com/php/php_function_array_intersect_key.html]
[www.tutorialspoint.com/php/php_function_array_intersect_uassoc.html]
[www.tutorialspoint.com/php/php_function_array_intersect_ukey.html]
[www.tutorialspoint.com/php/php_function_array_key_exists.html]
[www.tutorialspoint.com/php/php_function_array_keys.html]
[www.tutorialspoint.com/php/php_function_array_map.html]
[www.tutorialspoint.com/php/php_function_array_merge.html]
[www.tutorialspoint.com/php/php_function_array_merge_recursive.html]
[www.tutorialspoint.com/php/php_function_array_multisort.html]
[www.tutorialspoint.com/php/php_function_array_pad.html]
[www.tutorialspoint.com/php/php_function_array_pop.html]
[www.tutorialspoint.com/php/php_function_array_product.html]
[www.tutorialspoint.com/php/php_function_array_push.html]
[www.tutorialspoint.com/php/php_function_array_rand.html]
[www.tutorialspoint.com/php/php_function_array_reduce.html]
[www.tutorialspoint.com/php/php_function_array_reverse.html]
[www.tutorialspoint.com/php/php_function_array_search.html]
[www.tutorialspoint.com/php/php_function_array_shift.html]
[www.tutorialspoint.com/php/php_function_array_slice.html]
[www.tutorialspoint.com/php/php_function_array_splice.html]
[www.tutorialspoint.com/php/php_function_array_sum.html]
[www.tutorialspoint.com/php/php_function_array_udiff.html]
[www.tutorialspoint.com/php/php_function_array_udiff_assoc.html]
[www.tutorialspoint.com/php/php_function_array_udiff_uassoc.html]
[www.tutorialspoint.com/php/php_function_array_uintersect.html]
[www.tutorialspoint.com/php/php_function_array_uintersect_assoc.html]
[www.tutorialspoint.com/php/php_function_array_uintersect_uassoc.html]
[www.tutorialspoint.com/php/php_function_array_unique.html]
[www.tutorialspoint.com/php/php_function_array_unshift.html]
[www.tutorialspoint.com/php/php_function_array_values.html]
[www.tutorialspoint.com/php/php_function_array_walk.html]
[www.tutorialspoint.com/php/php_function_array_walk_recursive.html]
[www.tutorialspoint.com/php/php_function_arsort.html]
[www.tutorialspoint.com/php/php_function_asort.html]
[www.tutorialspoint.com/php/php_function_compact.html]
[www.tutorialspoint.com/php/php_function_count.html]
[www.tutorialspoint.com/php/php_function_current.html]
[www.tutorialspoint.com/php/php_function_each.html]
[www.tutorialspoint.com/php/php_function_end.html]
[www.tutorialspoint.com/php/php_function_extract.html]
[www.tutorialspoint.com/php/php_function_in_array.html]
[www.tutorialspoint.com/php/php_function_key.html]
[www.tutorialspoint.com/php/php_function_krsort.html]
[www.tutorialspoint.com/php/php_function_ksort.html]
[www.tutorialspoint.com/php/php_function_list.html]
[www.tutorialspoint.com/php/php_function_natcasesort.html]
[www.tutorialspoint.com/php/php_function_natsort.html]
[www.tutorialspoint.com/php/php_function_next.html]
[www.tutorialspoint.com/php/php_function_pos.html]
[www.tutorialspoint.com/php/php_function_prev.html]
[www.tutorialspoint.com/php/php_function_range.html]
[www.tutorialspoint.com/php/php_function_reset.html]
[www.tutorialspoint.com/php/php_function_rsort.html]
[www.tutorialspoint.com/php/php_function_shuffle.html]
[www.tutorialspoint.com/php/php_function_sizeof.html]
[www.tutorialspoint.com/php/php_function_sort.html]
[www.tutorialspoint.com/php/php_function_uasort.html]
[www.tutorialspoint.com/php/php_function_uksort.html]
[www.tutorialspoint.com/php/php_function_usort.html]
[www.tutorialspoint.com/php/php_function_basename.html]
[www.tutorialspoint.com/php/php_function_chgrp.html]
[www.tutorialspoint.com/php/php_function_chmod.html]
[www.tutorialspoint.com/php/php_function_chown.html]
[www.tutorialspoint.com/php/php_function_clearstatcache.html]
[www.tutorialspoint.com/php/php_function_copy.html]
[www.tutorialspoint.com/php/php_function_delete.html]
[www.tutorialspoint.com/php/php_function_dirname.html]
[www.tutorialspoint.com/php/php_function_disk_free_space.html]
[www.tutorialspoint.com/php/php_function_disk_total_space.html]
[www.tutorialspoint.com/php/php_function_diskfreespace.html]
[www.tutorialspoint.com/php/php_function_fclose.html]
[www.tutorialspoint.com/php/php_function_feof.html]
[www.tutorialspoint.com/php/php_function_fflush.html]
[www.tutorialspoint.com/php/php_function_fgetc.html]
[www.tutorialspoint.com/php/php_function_fgetcsv.html]
[www.tutorialspoint.com/php/php_function_fgets.html]
[www.tutorialspoint.com/php/php_function_fgetss.html]
[www.tutorialspoint.com/php/php_function_file_exists.html]
[www.tutorialspoint.com/php/php_function_file_get_contents.html]
[www.tutorialspoint.com/php/php_function_file_put_contents.html]
[www.tutorialspoint.com/php/php_function_file.html]
[www.tutorialspoint.com/php/php_function_fileatime.html]
[www.tutorialspoint.com/php/php_function_filectime.html]
[www.tutorialspoint.com/php/php_function_filegroup.html]
[www.tutorialspoint.com/php/php_function_debug_backtrace.html]
[www.tutorialspoint.com/php/php_function_debug_print_backtrace.html]
[www.tutorialspoint.com/php/php_function_error_get_last.html]
[www.tutorialspoint.com/php/php_function_error_log.html]
[www.tutorialspoint.com/php/php_function_error_reporting.html]
[www.tutorialspoint.com/php/php_function_restore_error_handler.html]
[www.tutorialspoint.com/php/php_function_restore_exception_handler.html]
[www.tutorialspoint.com/php/php_function_set_error_handler.html]
[www.tutorialspoint.com/php/php_function_set_exception_handler.html]
[www.tutorialspoint.com/php/php_function_trigger_error.html]
[www.tutorialspoint.com/php/php_function_user_error.html]
[www.tutorialspoint.com/php/php_function_checkdate.html]
[www.tutorialspoint.com/php/php_function_date_create.html]
[www.tutorialspoint.com/php/php_function_date_date_set.html]
[www.tutorialspoint.com/php/php_function_default_timezone_get.html]
[www.tutorialspoint.com/php/php_function_default_timezone_set.html]
[www.tutorialspoint.com/php/php_function_date_format.html]
[www.tutorialspoint.com/php/php_function_date_isodate_set.html]
[www.tutorialspoint.com/php/php_function_date_modify.html]
[www.tutorialspoint.com/php/php_function_date_offset_get.html]
[www.tutorialspoint.com/php/php_function_date_parse.html]
[www.tutorialspoint.com/php/php_function_date_sun_info.html]
[www.tutorialspoint.com/php/php_function_sunrise.html]
[www.tutorialspoint.com/php/php_function_sunset.html]
[www.tutorialspoint.com/php/php_function_date_time_set.html]
[www.tutorialspoint.com/php/php_function_date_timezone_get.html]
[www.tutorialspoint.com/php/php_function_date_timezone_set.html]
[www.tutorialspoint.com/php/php_function_date.html]
[www.tutorialspoint.com/php/php_function_getdate.html]
[www.tutorialspoint.com/php/php_function_gettimeofday.html]
[www.tutorialspoint.com/php/php_function_gmdate.html]
[www.tutorialspoint.com/php/php_function_gmmktime.html]
[www.tutorialspoint.com/php/php_function_gmstrftime.html]
[www.tutorialspoint.com/php/php_function_idate.html]
[www.tutorialspoint.com/php/php_function_localtime.html]
[www.tutorialspoint.com/php/php_function_microtime.html]
[www.tutorialspoint.com/php/php_function_mktime.html]
[www.tutorialspoint.com/php/php_function_strftime.html]
[www.tutorialspoint.com/php/php_function_strptime.html]
[www.tutorialspoint.com/php/php_function_strtotime.html]
[www.tutorialspoint.com/php/php_function_time.html]
[www.tutorialspoint.com/php/php_function_timezone_abbreviations_list.html]
[www.tutorialspoint.com/php/php_function_timezone_identifiers_list.html]
[www.tutorialspoint.com/php/php_function_timezone_name_from_abbr.html]
[www.tutorialspoint.com/php/php_function_timezone_name_get.html]
[www.tutorialspoint.com/php/php_function_timezone_offset_get.html]
[www.tutorialspoint.com/php/php_function_timezone_open.html]
[www.tutorialspoint.com/php/php_function_timezone_transitions_get.html]
[www.tutorialspoint.com/php/php_function_cal_days_in_month.html]
[www.tutorialspoint.com/php/php_function_cal_from_jd.html]
[www.tutorialspoint.com/php/php_function_cal_to_jd.html]
[www.tutorialspoint.com/php/php_function_easter_date.html]
[www.tutorialspoint.com/php/php_function_easter_days.html]
[www.tutorialspoint.com/php/php_function_frenchtojd.html]
[www.tutorialspoint.com/php/php_function_gregoriantojd.html]
[www.tutorialspoint.com/php/php_function_jddayofweek.html]
[www.tutorialspoint.com/php/php_function_jdmonthname.html]
[www.tutorialspoint.com/php/php_function_jdtofrench.html]
[www.tutorialspoint.com/php/php_function_jdtogregorian.html]
[www.tutorialspoint.com/php/php_function_jdtojewish.html]
[www.tutorialspoint.com/php/php_function_jdtojulian.html]
[www.tutorialspoint.com/php/php_function_jdtounix.html]
[www.tutorialspoint.com/php/php_function_jewishtojd.html]
[www.tutorialspoint.com/php/php_function_juliantojd.html]
[www.tutorialspoint.com/php/php_function_unixtojd.html]
[www.tutorialspoint.com/php/php_function_class_exists.html]
[www.tutorialspoint.com/php/php_function_get_class_methods.html]
[www.tutorialspoint.com/php/php_function_get_class_vars.html]
[www.tutorialspoint.com/php/php_function_get_class.html]
[www.tutorialspoint.com/php/php_function_get_declared_classes.html]
[www.tutorialspoint.com/php/php_function_get_declared_interfaces.html]
[www.tutorialspoint.com/php/php_function_get_object_vars.html]
[www.tutorialspoint.com/php/php_function_get_parent_class.html]
[www.tutorialspoint.com/php/php_function_interface_exists.html]
[www.tutorialspoint.com/php/php_function_is_a.html]
[www.tutorialspoint.com/php/php_function_is_subclass_of.html]
[www.tutorialspoint.com/php/php_function_method_exists.html]
[www.tutorialspoint.com/php/php_function_property_exists.html]
[www.tutorialspoint.com/php/php_function_ctype_alnum.html]
[www.tutorialspoint.com/php/php_function_ctype_alpha.html]
[www.tutorialspoint.com/php/php_function_ctype_cntrl.html]
[www.tutorialspoint.com/php/php_function_ctype_digit.html]
[www.tutorialspoint.com/php/php_function_ctype_graph.html]
[www.tutorialspoint.com/php/php_function_ctype_lower.html]
[www.tutorialspoint.com/php/php_function_ctype_print.html]
[www.tutorialspoint.com/php/php_function_ctype_punct.html]
[www.tutorialspoint.com/php/php_function_ctype_space.html]
[www.tutorialspoint.com/php/php_function_ctype_upper.html]
[www.tutorialspoint.com/php/php_function_ctype_xdigit.html]
[www.tutorialspoint.com/php/php_function_chdir.html]
[www.tutorialspoint.com/php/php_function_chroot.html]
[www.tutorialspoint.com/php/php_function_dir.html]
[www.tutorialspoint.com/php/php_function_closedir.html]
[www.tutorialspoint.com/php/php_function_getcwd.html]
[www.tutorialspoint.com/php/php_function_opendir.html]
[www.tutorialspoint.com/php/php_function_readdir.html]
[www.tutorialspoint.com/php/php_function_rewinddir.html]
[www.tutorialspoint.com/php/php_function_scandir.html]
[www.tutorialspoint.com/php/php_mysqli_affected_rows.html]
[www.tutorialspoint.com/php/php_mysqli_client_encoding.html]
[www.tutorialspoint.com/php/php_function_mysqli_close.html]
[www.tutorialspoint.com/php/php_function_mysqli_connect.html]
[www.tutorialspoint.com/php/php_mysqli_create_db.html]
[www.tutorialspoint.com/php/php_mysqli_change_user.html]
[www.tutorialspoint.com/php/mysqli_character_set_name.html]
[www.tutorialspoint.com/php/php_mysqli_connect_errno.html]
[www.tutorialspoint.com/php/php_mysqli_data_seek.html]
[www.tutorialspoint.com/php/php_function_mysqli_debug.html]
[www.tutorialspoint.com/php/php_dump_debug_info.html]
[www.tutorialspoint.com/php/php_mysqli_error_list.html]
[www.tutorialspoint.com/php/php_function_mysqli_error.html]
[www.tutorialspoint.com/php/php_mysqli_fetch_all.html]
[www.tutorialspoint.com/php/php_mysqli_fetch_array.html]
[www.tutorialspoint.com/php/php_mysqli_fetch_assoc.html]
[www.tutorialspoint.com/php/mysqli_fetch_field_direct.html]
[www.tutorialspoint.com/php/php_mysqli_fetch_fields.html]
[www.tutorialspoint.com/php/php_mysqli_fetch_lengths.html]
[www.tutorialspoint.com/php/php_mysqli_fetch_object.html]
[www.tutorialspoint.com/php/php_mysqli_field_count.html]
[www.tutorialspoint.com/php/php_mysqli_field_seek.html]
[www.tutorialspoint.com/php/php_mysqli_field_tell.html]
[www.tutorialspoint.com/php/php_mysqli_free_result.html]
[www.tutorialspoint.com/php/php_mysqli_get_charset.html]
[www.tutorialspoint.com/php/mysqli_get_client_info.html]
[www.tutorialspoint.com/php/mysqli_get_client_stats.html]
[www.tutorialspoint.com/php/mysqli_get_client_version.html]
[www.tutorialspoint.com/php/mysqli_get_connection_stats.html]
[www.tutorialspoint.com/php/mysqli_get_host_info.html]
[www.tutorialspoint.com/php/mysqli_get_proto_info.html]
[www.tutorialspoint.com/php/mysqli_get_server_info.html]
[www.tutorialspoint.com/php/php_function_mysqli_info.html]
[www.tutorialspoint.com/php/php_function_mysqli_init.html]
[www.tutorialspoint.com/php/php_mysqli_insert_id.html]
[www.tutorialspoint.com/php/php_function_mysqli_kill.html]
[www.tutorialspoint.com/php/php_mysqli_more_results.html]
[www.tutorialspoint.com/php/php_mysqli_multi_query.html]
[www.tutorialspoint.com/php/php_mysqli_next_result.html]
[www.tutorialspoint.com/php/php_mysqli_num_fields.html]
[www.tutorialspoint.com/php/php_mysqli_num_rows.html]
[www.tutorialspoint.com/php/php_function_mysqli_options.html]
[www.tutorialspoint.com/php/php_function_mysqli_ping.html]
[www.tutorialspoint.com/php/php_function_mysqli_query.html]
[www.tutorialspoint.com/php/php_mysqli_real_connect.html]
[www.tutorialspoint.com/php/mysqli_real_escape_string.html]
[www.tutorialspoint.com/php/php_function_mysqli_refresh.html]
[www.tutorialspoint.com/php/php_function_mysqli_rollback.html]
[www.tutorialspoint.com/php/php_mysqli_select_db.html]
[www.tutorialspoint.com/php/php_mysqli_set_charset.html]
[www.tutorialspoint.com/php/php_function_mysqli_sqlstate.html]
[www.tutorialspoint.com/php/php_mysqli_ssl_set.html]
[www.tutorialspoint.com/php/php_function_mysqli_stat.html]
[www.tutorialspoint.com/php/php_mysqli_stmt_init.html]
[www.tutorialspoint.com/php/php_mysqli_thread_id.html]
[www.tutorialspoint.com/php/php_mysqli_thread_safe.html]
[www.tutorialspoint.com/php/php_function_closelog.html]
[www.tutorialspoint.com/php/php_function_fsockopen.html]
[www.tutorialspoint.com/php/php_function_gethostbyaddr.html]
[www.tutorialspoint.com/php/php_function_gethostbynamel.html]
[www.tutorialspoint.com/php/php_function_gethostname.html]
[www.tutorialspoint.com/php/php_function_getmxrr.html]
[www.tutorialspoint.com/php/php_function_getprotobyname.html]
[www.tutorialspoint.com/php/php_function_getprotobynumber.html]
[www.tutorialspoint.com/php/php_function_getservbyport.html]
[www.tutorialspoint.com/php/php_header_register_callback.html]
[www.tutorialspoint.com/php/php_function_header_remove.html]
[www.tutorialspoint.com/php/php_function_header.html]
[www.tutorialspoint.com/php/php_function_header_list.html]
[www.tutorialspoint.com/php/php_function_headers_sent.html]
[www.tutorialspoint.com/php/php_http_response_code.html]
[www.tutorialspoint.com/php/php_function_inet_ntop.html]
[www.tutorialspoint.com/php/php_function_inet_pton.html]
[www.tutorialspoint.com/php/php_function_ip2long.html]
[www.tutorialspoint.com/php/php_function_long2ip.html]
[www.tutorialspoint.com/php/php_function_openlog.html]
[www.tutorialspoint.com/php/php_function_pfsockopen.html]
[www.tutorialspoint.com/php/php_function_setcookie.html]
[www.tutorialspoint.com/php/php_function_setrawcookie.html]
[www.tutorialspoint.com/php/php_function_socket_set_blocking.html]
[www.tutorialspoint.com/php/php_function_autocommit.html]
[www.tutorialspoint.com/php/php_function_binmode.html]
[www.tutorialspoint.com/php/php_function_close_all.html]
[www.tutorialspoint.com/php/php_function_close.html]
[www.tutorialspoint.com/php/php_function_columnprivileges.html]
[www.tutorialspoint.com/php/php_function_columns.html]
[www.tutorialspoint.com/php/php_function_commit.html]
[www.tutorialspoint.com/php/php_function_connect.html]
[www.tutorialspoint.com/php/php_function_cursor.html]
[www.tutorialspoint.com/php/php_data_source.html]
[www.tutorialspoint.com/php/php_function_error.html]
[www.tutorialspoint.com/php/php_function_errormsg.html]
[www.tutorialspoint.com/php/php_function_exece.html]
[www.tutorialspoint.com/php/php_function_fetch_array.html]
[www.tutorialspoint.com/php/php_function_fetch_into.html]
[www.tutorialspoint.com/php/php_function_fetch_object.html]
[www.tutorialspoint.com/php/php_function_fetch_row.html]
[www.tutorialspoint.com/php/php_function_field_len.html]
[www.tutorialspoint.com/php/php_function_field_name.html]
[www.tutorialspoint.com/php/php_function_field_num.html]
[www.tutorialspoint.com/php/php_function_field_scale.html]
[www.tutorialspoint.com/php/php_function_field_type.html]
[www.tutorialspoint.com/php/php_function_foreignkeys.html]
[www.tutorialspoint.com/php/php_function_free_result.html]
[www.tutorialspoint.com/php/php_function_gettypeinfo.html]
[www.tutorialspoint.com/php/php_function_longreadlen.html]
[www.tutorialspoint.com/php/php_function_next_result.html]
[www.tutorialspoint.com/php/php_function_num_rows.html]
[www.tutorialspoint.com/php/php_function_pconnect.html]
[www.tutorialspoint.com/php/php_function_prepare.html]
[www.tutorialspoint.com/php/php_function_primarykeys.html]
[www.tutorialspoint.com/php/php_function_procedurecolumns.html]
[www.tutorialspoint.com/php/php_function_procedures.html]
[www.tutorialspoint.com/php/php_function_result_all.html]
[www.tutorialspoint.com/php/php_function_result.html]
[www.tutorialspoint.com/php/php_function_rollback.html]
[www.tutorialspoint.com/php/php_function_setoption.html]
[www.tutorialspoint.com/php/php_function_specialcolumns.html]
[www.tutorialspoint.com/php/php_function_statistics.html]
[www.tutorialspoint.com/php/php_function_tableprivileges.html]
[www.tutorialspoint.com/php/php_function_tables.html]
[www.tutorialspoint.com/php/php_function_addcslashes.html]
[www.tutorialspoint.com/php/php_function_addslashes.html]
[www.tutorialspoint.com/php/php_function_bin2hex.html]
[www.tutorialspoint.com/php/php_function_chop.html]
[www.tutorialspoint.com/php/php_function_chr.html]
[www.tutorialspoint.com/php/php_function_chunk_split.html]
[www.tutorialspoint.com/php/php_function_convert_cyr_string.html]
[www.tutorialspoint.com/php/php_function_convert_uudecode.html]
[www.tutorialspoint.com/php/php_function_count_chars.html]
[www.tutorialspoint.com/php/php_function_crc32.html]
[www.tutorialspoint.com/php/php_function_crypt.html]
[www.tutorialspoint.com/php/php_function_echo.html]
[www.tutorialspoint.com/php/php_function_explode.html]
[www.tutorialspoint.com/php/php_function_fprintf.html]
[www.tutorialspoint.com/php/php_get_html_translation_table.html]
[www.tutorialspoint.com/php/php_function_hebrev.html]
[www.tutorialspoint.com/php/php_function_hebrevc.html]
[www.tutorialspoint.com/php/php_function_hex2bin.html]
[www.tutorialspoint.com/php/php_function_html_entity_decode.html]
[www.tutorialspoint.com/php/php_function_htmlentities.html]
[www.tutorialspoint.com/php/php_function_htmlspecialchars_decode.html]
[www.tutorialspoint.com/php/php_function_htmlspecialchars.html]
[www.tutorialspoint.com/php/php_function_implode.html]
[www.tutorialspoint.com/php/php_function_join.html]
[www.tutorialspoint.com/php/php_function_lcfirst.html]
[www.tutorialspoint.com/php/php_function_levenshtein.html]
[www.tutorialspoint.com/php/php_function_localeconv.html]
[www.tutorialspoint.com/php/php_function_ltrim.html]
[www.tutorialspoint.com/php/php_function_md5_file.html]
[www.tutorialspoint.com/php/php_function_md5.html]
[www.tutorialspoint.com/php/php_function_metaphone.html]
[www.tutorialspoint.com/php/php_function_money_format.html]
[www.tutorialspoint.com/php/php_function_nl_langinfo.html]
[www.tutorialspoint.com/php/php_function_nl2br.html]
[www.tutorialspoint.com/php/php_function_number_format.html]
[www.tutorialspoint.com/php/php_function_ord.html]
[www.tutorialspoint.com/php/php_function_parse_str.html]
[www.tutorialspoint.com/php/php_function_print.html]
[www.tutorialspoint.com/php/php_function_printf.html]
[www.tutorialspoint.com/php/php_quoted_printable_decode.html]
[www.tutorialspoint.com/php/php_quoted_printable_encode.html]
[www.tutorialspoint.com/php/php_function_quotemeta.html]
[www.tutorialspoint.com/php/php_function_rtrim.html]
[www.tutorialspoint.com/php/php_function_setlocale.html]
[www.tutorialspoint.com/php/php_function_sha1_file.html]
[www.tutorialspoint.com/php/php_function_sha1.html]
[www.tutorialspoint.com/php/php_function_similar_text.html]
[www.tutorialspoint.com/php/php_function_soundex.html]
[www.tutorialspoint.com/php/php_function_sprintf.html]
[www.tutorialspoint.com/php/php_function_str_getcsv.html]
[www.tutorialspoint.com/php/php_function_str_ireplace.html]
[www.tutorialspoint.com/php/php_function_str_pad.html]
[www.tutorialspoint.com/php/php_function_str_repeat.html]
[www.tutorialspoint.com/php/php_function_str_replace.html]
[www.tutorialspoint.com/php/php_function_str_rot13.html]
[www.tutorialspoint.com/php/php_function_str_shuffle.html]
[www.tutorialspoint.com/php/php_function_str_split.html]
[www.tutorialspoint.com/php/php_function_str_word_count.html]
[www.tutorialspoint.com/php/php_function_strcasecmp.html]
[www.tutorialspoint.com/php/php_function_strchr.html]
[www.tutorialspoint.com/php/php_function_strcmp.html]
[www.tutorialspoint.com/php/php_function_strcoll.html]
[www.tutorialspoint.com/php/php_function_strcspn.html]
[www.tutorialspoint.com/php/php_function_strip_tags.html]
[www.tutorialspoint.com/php/php_function_stripcslashes.html]
[www.tutorialspoint.com/php/php_function_stripos.html]
[www.tutorialspoint.com/php/php_function_stripslashes.html]
[www.tutorialspoint.com/php/php_function_stristr.html]
[www.tutorialspoint.com/php/php_function_strlen.html]
[www.tutorialspoint.com/php/php_function_strnatcasecmp.html]
[www.tutorialspoint.com/php/php_function_strnatcmp.html]
[www.tutorialspoint.com/php/php_function_strncasecmp.html]
[www.tutorialspoint.com/php/php_function_strncmp.html]
[www.tutorialspoint.com/php/php_function_strpbrk.html]
[www.tutorialspoint.com/php/php_function_strpos.html]
[www.tutorialspoint.com/php/php_function_strrchr.html]
[www.tutorialspoint.com/php/php_function_strrev.html]
[www.tutorialspoint.com/php/php_function_strripos.html]
[www.tutorialspoint.com/php/php_function_strspn.html]
[www.tutorialspoint.com/php/php_function_strstr.html]
[www.tutorialspoint.com/php/php_function_strtok.html]
[www.tutorialspoint.com/php/php_function_strtolower.html]
[www.tutorialspoint.com/php/php_function_strtoupper.html]
[www.tutorialspoint.com/php/php_function_strtr.html]
[www.tutorialspoint.com/php/php_function_substr_compare.html]
[www.tutorialspoint.com/php/php_function_substr_count.html]
[www.tutorialspoint.com/php/php_function_substr_replace.html]
[www.tutorialspoint.com/php/php_function_substr.html]
[www.tutorialspoint.com/php/php_function_trim.html]
[www.tutorialspoint.com/php/php_function_ucfirst.html]
[www.tutorialspoint.com/php/php_function_ucwords.html]
[www.tutorialspoint.com/php/php_function_vfprintf.html]
[www.tutorialspoint.com/php/php_function_vprintf.html]
[www.tutorialspoint.com/php/php_function_vsprintf.html]
[www.tutorialspoint.com/php/php_function_wordwrap.html]
[www.tutorialspoint.com/php/php_simplexml_import_dom.html]
[www.tutorialspoint.com/php/php_simplexml_load_file.html]
[www.tutorialspoint.com/php/php_simplexml_load_string.html]
[www.tutorialspoint.com/php/php_function_utf8_decode.html]
[www.tutorialspoint.com/php/php_function_utf8_encode.html]
[www.tutorialspoint.com/php/php_xml_error_string.html]
[www.tutorialspoint.com/php/php_xml_get_current_byte_index.html]
[www.tutorialspoint.com/php/php_xml_get_current_column_number.html]
[www.tutorialspoint.com/php/php_xml_get_current_line_number.html]
[www.tutorialspoint.com/php/php_xml_get_error_code.html]
[www.tutorialspoint.com/php/php_xml_parse_into_struct.html]
[www.tutorialspoint.com/php/php_xml_parser_create_ns.html]
[www.tutorialspoint.com/php/php_xml_parser_create.html]
[www.tutorialspoint.com/php/php_xml_parser_free.html]
[www.tutorialspoint.com/php/php_xml_parser_get_option.html]
[www.tutorialspoint.com/php/php_xml_parser_set_option.html]
[www.tutorialspoint.com/php/php_xml_set_character_data_handler.html]
[www.tutorialspoint.com/php/php_xml_set_default_handler.html]
[www.tutorialspoint.com/php/php_xml_set_element_handler.html]
[www.tutorialspoint.com/php/php_xml_set_end_namespace_decl_handler.html]
[www.tutorialspoint.com/php/xml_set_external_entity_ref_handler.html]
[www.tutorialspoint.com/php/php_xml_set_notation_decl_handler.html]
[www.tutorialspoint.com/php/php_xml_set_object.html]
[www.tutorialspoint.com/php/php_xml_set_processing_instruction_handler.html]
[www.tutorialspoint.com/php/php_xml_set_start_namespace_decl_handler.html]
[www.tutorialspoint.com/php/php_xml_set_unparsed_entity_decl_handler.html]
[www.tutorialspoint.com/php/php_mock_test56cb.html]
[www.tutorialspoint.com/php/pdf/php_mock_test_ii.2c8.delayed]
[www.tutorialspoint.com/php/php_mock_testc907.html]
[www.tutorialspoint.com/php/pdf/php_mock_test_iii.pdf]
[www.tutorialspoint.com/php/php_mock_testc34b.html]
[www.tutorialspoint.com/php/pdf/php_mock_test_iv.pdf]
[www.tutorialspoint.com/php/php_mock_testabbb.html]
[www.tutorialspoint.com/php/pdf/php_mock_test_i.html]
[www.tutorialspoint.com/php/ABCDEFGHIJKLMNOPQRSTUVWXYZabcdefghijklmnopqrstuvwxyz0123456789+/index.html]
[www.tutorialspoint.com/php/dialog/index.html]
[www.tutorialspoint.com/php/%s/profile4d6d.html]
[www.tutorialspoint.com/php/pdf/php_mock_test_ii.html]
[www.tutorialspoint.com/php/pdf/php_mock_test_iii.html]
[www.tutorialspoint.com/php/pdf/php_mock_test_iv.html]
