[www.tutorialspoint.com/python/index.html]
[backblue.gif]
[fade.gif]
[index.html]
[www.tutorialspoint.com/theme/css/style-min.css]
[www.tutorialspoint.com/python/images/try-it.jpg]
[www.tutorialspoint.com/images/loading-cg.gif]
[www.tutorialspoint.com/python/images/logo.png]
[www.tutorialspoint.com/theme/css/icons/image-editor.png]
[www.tutorialspoint.com/python/images/python-mini.jpg]
[www.tutorialspoint.com/python/index-2.html]
[www.tutorialspoint.com/python/python_overview.html]
[www.tutorialspoint.com/python/python_environment.html]
[www.tutorialspoint.com/python/python_basic_syntax.html]
[www.tutorialspoint.com/python/python_variable_types.html]
[www.tutorialspoint.com/python/python_basic_operators.html]
[www.tutorialspoint.com/python/python_decision_making.html]
[www.tutorialspoint.com/python/python_loops.html]
[www.tutorialspoint.com/python/python_numbers.html]
[www.tutorialspoint.com/python/python_strings.html]
[www.tutorialspoint.com/python/python_lists.html]
[www.tutorialspoint.com/python/python_tuples.html]
[www.tutorialspoint.com/python/python_dictionary.html]
[www.tutorialspoint.com/python/python_date_time.html]
[www.tutorialspoint.com/python/python_functions.html]
[www.tutorialspoint.com/python/python_modules.html]
[www.tutorialspoint.com/python/python_files_io.html]
[www.tutorialspoint.com/python/python_exceptions.html]
[www.tutorialspoint.com/python/python_classes_objects.html]
[www.tutorialspoint.com/python/python_reg_expressions.html]
[www.tutorialspoint.com/python/python_cgi_programming.html]
[www.tutorialspoint.com/python/python_database_access.html]
[www.tutorialspoint.com/python/python_networking.html]
[www.tutorialspoint.com/python/python_sending_email.html]
[www.tutorialspoint.com/python/python_multithreading.html]
[www.tutorialspoint.com/python/python_xml_processing.html]
[www.tutorialspoint.com/python/python_gui_programming.html]
[www.tutorialspoint.com/python/python_further_extensions.html]
[www.tutorialspoint.com/python/python_questions_answers.html]
[www.tutorialspoint.com/python/python_quick_guide.html]
[www.tutorialspoint.com/python/python_tools_utilities.html]
[www.tutorialspoint.com/python/python_useful_resources.html]
[www.tutorialspoint.com/python/python_discussion.html]
[www.tutorialspoint.com/python/images/python.jpg]
[www.tutorialspoint.com/python/python_pdf_version.html]
[www.tutorialspoint.com/python/pdf/index.pdf]
[pagead2.googlesyndication.com/pagead/f.txt]
[www.tutorialspoint.com/images/facebookIcon.jpg]
[www.tutorialspoint.com/images/twitterIcon.jpg]
[www.tutorialspoint.com/images/linkedinIcon.jpg]
[www.tutorialspoint.com/images/googlePlusIcon.jpg]
[www.tutorialspoint.com/images/StumbleUponIcon.jpg]
[www.tutorialspoint.com/images/reddit.jpg]
[www.tutorialspoint.com/scripts/img/logo-footer.png]
[www.tutorialspoint.com/theme/js/custom-min.js]
[www.google-analytics.com/urchin.js]
[www.tutorialspoint.com/theme/js/jquery.colorbox-min.js]
[www.tutorialspoint.com/python/index.html]
[www.tutorialspoint.com/theme/css/style-min.css]
[www.tutorialspoint.com/python/index-2.html]
[www.tutorialspoint.com/theme/js/script-min-v4.js]
[www.tutorialspoint.com/images/pattern.png]
[www.tutorialspoint.com/python/pdf/python_overview.pdf]
[www.tutorialspoint.com/python/python_overview.html]
[www.tutorialspoint.com/python/python_environment.html]
[www.tutorialspoint.com/python/python_command_line_arguments.html]
[www.tutorialspoint.com/python/pdf/python_basic_syntax.pdf]
[www.tutorialspoint.com/python/python_basic_syntax.html]
[www.tutorialspoint.com/python/pdf/python_variable_types.pdf]
[www.tutorialspoint.com/python/python_variable_types.html]
[www.tutorialspoint.com/python/arithmetic_operators_example.html]
[www.tutorialspoint.com/python/comparison_operators_example.html]
[www.tutorialspoint.com/python/assignment_operators_example.html]
[www.tutorialspoint.com/python/bitwise_operators_example.html]
[www.tutorialspoint.com/python/logical_operators_example.html]
[www.tutorialspoint.com/python/membership_operators_example.html]
[www.tutorialspoint.com/python/identity_operators_example.html]
[www.tutorialspoint.com/python/operators_precedence_example.html]
[www.tutorialspoint.com/python/pdf/python_basic_operators.pdf]
[www.tutorialspoint.com/python/python_basic_operators.html]
[www.tutorialspoint.com/python/images/decision_making.jpg]
[www.tutorialspoint.com/python/python_if_statement.html]
[www.tutorialspoint.com/python/python_if_else.html]
[www.tutorialspoint.com/python/nested_if_statements_in_python.html]
[www.tutorialspoint.com/python/pdf/python_decision_making.pdf]
[www.tutorialspoint.com/python/python_decision_making.html]
[www.tutorialspoint.com/python/images/loop_architecture.jpg]
[www.tutorialspoint.com/python/python_while_loop.html]
[www.tutorialspoint.com/python/python_for_loop.html]
[www.tutorialspoint.com/python/python_nested_loops.html]
[www.tutorialspoint.com/python/python_break_statement.html]
[www.tutorialspoint.com/python/python_continue_statement.html]
[www.tutorialspoint.com/python/python_pass_statement.html]
[www.tutorialspoint.com/python/pdf/python_loops.pdf]
[www.tutorialspoint.com/python/python_loops.html]
[www.tutorialspoint.com/python/number_abs.html]
[www.tutorialspoint.com/python/number_ceil.html]
[www.tutorialspoint.com/python/number_exp.html]
[www.tutorialspoint.com/python/number_fabs.html]
[www.tutorialspoint.com/python/number_floor.html]
[www.tutorialspoint.com/python/number_log.html]
[www.tutorialspoint.com/python/number_min.html]
[www.tutorialspoint.com/python/number_round.html]
[www.tutorialspoint.com/python/number_sqrt.html]
[www.tutorialspoint.com/python/number_choice.html]
[www.tutorialspoint.com/python/number_randrange.html]
[www.tutorialspoint.com/python/number_random.html]
[www.tutorialspoint.com/python/number_seed.html]
[www.tutorialspoint.com/python/number_asin.html]
[www.tutorialspoint.com/python/number_cos.html]
[www.tutorialspoint.com/python/pdf/python_numbers.pdf]
[www.tutorialspoint.com/python/python_numbers.html]
[www.tutorialspoint.com/python/string_capitalize.html]
[www.tutorialspoint.com/python/string_center.html]
[www.tutorialspoint.com/python/string_count.html]
[www.tutorialspoint.com/python/string_decode.html]
[www.tutorialspoint.com/python/string_encode.html]
[www.tutorialspoint.com/python/string_endswith.html]
[www.tutorialspoint.com/python/string_find.html]
[www.tutorialspoint.com/python/string_index.html]
[www.tutorialspoint.com/python/string_isalnum.html]
[www.tutorialspoint.com/python/string_isalpha.html]
[www.tutorialspoint.com/python/string_islower.html]
[www.tutorialspoint.com/python/string_isnumeric.html]
[www.tutorialspoint.com/python/string_isspace.html]
[www.tutorialspoint.com/python/string_istitle.html]
[www.tutorialspoint.com/python/string_join.html]
[www.tutorialspoint.com/python/string_len.html]
[www.tutorialspoint.com/python/string_ljust.html]
[www.tutorialspoint.com/python/string_lower.html]
[www.tutorialspoint.com/python/string_lstrip.html]
[www.tutorialspoint.com/python/string_maketrans.html]
[www.tutorialspoint.com/python/string_max.html]
[www.tutorialspoint.com/python/string_replace.html]
[www.tutorialspoint.com/python/string_rjust.html]
[www.tutorialspoint.com/python/string_rstrip.html]
[www.tutorialspoint.com/python/string_split.html]
[www.tutorialspoint.com/python/string_splitlines.html]
[www.tutorialspoint.com/python/string_startswith.html]
[www.tutorialspoint.com/python/string_strip.html]
[www.tutorialspoint.com/python/string_swapcase.html]
[www.tutorialspoint.com/python/string_title.html]
[www.tutorialspoint.com/python/string_translate.html]
[www.tutorialspoint.com/python/string_upper.html]
[www.tutorialspoint.com/python/string_zfill.html]
[www.tutorialspoint.com/python/string_isdecimal.html]
[www.tutorialspoint.com/python/pdf/python_strings.pdf]
[www.tutorialspoint.com/python/python_strings.html]
[www.tutorialspoint.com/python/list_cmp.html]
[www.tutorialspoint.com/python/list_len.html]
[www.tutorialspoint.com/python/list_max.html]
[www.tutorialspoint.com/python/list_min.html]
[www.tutorialspoint.com/python/list_append.html]
[www.tutorialspoint.com/python/list_count.html]
[www.tutorialspoint.com/python/list_extend.html]
[www.tutorialspoint.com/python/list_index.html]
[www.tutorialspoint.com/python/list_insert.html]
[www.tutorialspoint.com/python/list_pop.html]
[www.tutorialspoint.com/python/list_remove.html]
[www.tutorialspoint.com/python/list_reverse.html]
[www.tutorialspoint.com/python/list_sort.html]
[www.tutorialspoint.com/python/pdf/python_lists.pdf]
[www.tutorialspoint.com/python/python_lists.html]
[www.tutorialspoint.com/python/tuple_cmp.html]
[www.tutorialspoint.com/python/tuple_len.html]
[www.tutorialspoint.com/python/pdf/python_tuples.pdf]
[www.tutorialspoint.com/python/python_tuples.html]
[www.tutorialspoint.com/python/dictionary_str.html]
[www.tutorialspoint.com/python/dictionary_type.html]
[www.tutorialspoint.com/python/dictionary_copy.html]
[www.tutorialspoint.com/python/dictionary_get.html]
[www.tutorialspoint.com/python/dictionary_has_key.html]
[www.tutorialspoint.com/python/dictionary_items.html]
[www.tutorialspoint.com/python/dictionary_keys.html]
[www.tutorialspoint.com/python/dictionary_setdefault.html]
[www.tutorialspoint.com/python/dictionary_values.html]
[www.tutorialspoint.com/python/pdf/python_dictionary.pdf]
[www.tutorialspoint.com/python/python_dictionary.html]
[www.tutorialspoint.com/python/time_clock.html]
[www.tutorialspoint.com/python/time_sleep.html]
[www.tutorialspoint.com/python/time_strftime.html]
[www.tutorialspoint.com/python/time_strptime.html]
[www.tutorialspoint.com/python/pdf/python_date_time.pdf]
[www.tutorialspoint.com/python/python_date_time.html]
[www.tutorialspoint.com/python/pdf/python_functions.pdf]
[www.tutorialspoint.com/python/python_functions.html]
[www.tutorialspoint.com/python/pdf/python_modules.pdf]
[www.tutorialspoint.com/python/python_modules.html]
[www.tutorialspoint.com/python/file_methods.html]
[www.tutorialspoint.com/python/os_file_methods.html]
[www.tutorialspoint.com/python/pdf/python_files_io.pdf]
[www.tutorialspoint.com/python/python_files_io.html]
[www.tutorialspoint.com/python/assertions_in_python.html]
[www.tutorialspoint.com/python/pdf/python_exceptions.pdf]
[www.tutorialspoint.com/python/python_exceptions.html]
[www.tutorialspoint.com/python/pdf/python_classes_objects.pdf]
[www.tutorialspoint.com/python/python_classes_objects.html]
[www.tutorialspoint.com/python/pdf/python_reg_expressions.pdf]
[www.tutorialspoint.com/python/python_reg_expressions.html]
[www.tutorialspoint.com/python/images/cgiarch.gif]
[www.tutorialspoint.com/python/pdf/python_cgi_programming.pdf]
[www.tutorialspoint.com/python/python_cgi_programming.html]
[www.tutorialspoint.com/python/pdf/python_database_access.pdf]
[www.tutorialspoint.com/python/python_database_access.html]
[www.tutorialspoint.com/python/pdf/python_networking.pdf]
[www.tutorialspoint.com/python/python_networking.html]
[www.tutorialspoint.com/python/pdf/python_sending_email.pdf]
[www.tutorialspoint.com/python/python_sending_email.html]
[www.tutorialspoint.com/python/pdf/python_multithreading.pdf]
[www.tutorialspoint.com/python/python_multithreading.html]
[www.tutorialspoint.com/python/pdf/python_xml_processing.pdf]
[www.tutorialspoint.com/python/python_xml_processing.html]
[www.tutorialspoint.com/python/images/tkwindow.jpg]
[www.tutorialspoint.com/python/tk_button.html]
[www.tutorialspoint.com/python/tk_canvas.html]
[www.tutorialspoint.com/python/tk_checkbutton.html]
[www.tutorialspoint.com/python/tk_entry.html]
[www.tutorialspoint.com/python/tk_frame.html]
[www.tutorialspoint.com/python/tk_label.html]
[www.tutorialspoint.com/python/tk_listbox.html]
[www.tutorialspoint.com/python/tk_menubutton.html]
[www.tutorialspoint.com/python/tk_radiobutton.html]
[www.tutorialspoint.com/python/tk_pack.html]
[www.tutorialspoint.com/python/python_gui_programming.html]
[www.tutorialspoint.com/python/python_further_extensions.html]
[www.tutorialspoint.com/python/python_interview_questions.html]
[www.tutorialspoint.com/python/pdf/python_questions_answers.pdf]
[www.tutorialspoint.com/python/python_questions_answers.html]
[www.tutorialspoint.com/python/python_quick_guide.html]
[www.tutorialspoint.com/python/python_tools_utilities.html]
[images-na.ssl-images-amazon.com/images/I/51qWSqxkgJL.jpg]
[images-na.ssl-images-amazon.com/images/I/41RhhdfdTwL.jpg]
[images-na.ssl-images-amazon.com/images/I/41m7YwHS18L.jpg]
[images-na.ssl-images-amazon.com/images/I/51LfZ8-eZmL.jpg]
[www.tutorialspoint.com/python/pdf/python_useful_resources.pdf]
[www.tutorialspoint.com/python/python_useful_resources.html]
[connect.facebook.net/en_US/sdk.js]
[www.tutorialspoint.com/python/python_discussion.html]
[www.paypalobjects.com/en_GB/i/btn/btn_buynowCC_LG.gif]
[www.tutorialspoint.com/images/pdf.jpg]
[www.tutorialspoint.com/python/python_pdf_version.html]
[www.tutorialspoint.com/scripts/easyui/themes/icon.css]
[www.tutorialspoint.com/scripts/easyui/jquery.easyui.min.js]
[www.tutorialspoint.com/scripts/jquery.hotkeys.js]
[www.tutorialspoint.com/images/final-logo.png]
[www.tutorialspoint.com/images/loading.gif]
[www.tutorialspoint.com/codingground/ace/src-min/ace.js]
[www.tutorialspoint.com/python/try_python.html]
[www.tutorialspoint.com/python/pdf/python_command_line_arguments.pdf]
[www.tutorialspoint.com/python/python_command_line_arguments.html]
[www.tutorialspoint.com/python/pdf/arithmetic_operators_example.pdf]
[www.tutorialspoint.com/python/arithmetic_operators_example.html]
[www.tutorialspoint.com/python/pdf/comparison_operators_example.pdf]
[www.tutorialspoint.com/python/comparison_operators_example.html]
[www.tutorialspoint.com/python/pdf/assignment_operators_example.pdf]
[www.tutorialspoint.com/python/assignment_operators_example.html]
[www.tutorialspoint.com/python/pdf/bitwise_operators_example.pdf]
[www.tutorialspoint.com/python/bitwise_operators_example.html]
[www.tutorialspoint.com/python/pdf/logical_operators_example.pdf]
[www.tutorialspoint.com/python/logical_operators_example.html]
[www.tutorialspoint.com/python/pdf/membership_operators_example.pdf]
[www.tutorialspoint.com/python/membership_operators_example.html]
[www.tutorialspoint.com/python/pdf/identity_operators_example.pdf]
[www.tutorialspoint.com/python/identity_operators_example.html]
[www.tutorialspoint.com/python/pdf/operators_precedence_example.pdf]
[www.tutorialspoint.com/python/operators_precedence_example.html]
[www.tutorialspoint.com/python/images/if_statement.jpg]
[www.tutorialspoint.com/python/pdf/python_if_statement.pdf]
[www.tutorialspoint.com/python/python_if_statement.html]
[www.tutorialspoint.com/python/images/if_else_statement.jpg]
[www.tutorialspoint.com/python/python_if_else.html]
[www.tutorialspoint.com/python/pdf/nested_if_statements_in_python.pdf]
[www.tutorialspoint.com/python/nested_if_statements_in_python.html]
[www.tutorialspoint.com/python/images/python_while_loop.jpg]
[www.tutorialspoint.com/python/pdf/python_while_loop.pdf]
[www.tutorialspoint.com/python/python_while_loop.html]
[www.tutorialspoint.com/python/images/python_for_loop.jpg]
[www.tutorialspoint.com/python/pdf/python_for_loop.pdf]
[www.tutorialspoint.com/python/python_for_loop.html]
[www.tutorialspoint.com/python/pdf/python_nested_loops.pdf]
[www.tutorialspoint.com/python/python_nested_loops.html]
[www.tutorialspoint.com/python/images/cpp_break_statement.jpg]
[www.tutorialspoint.com/python/pdf/python_break_statement.pdf]
[www.tutorialspoint.com/python/python_break_statement.html]
[www.tutorialspoint.com/python/images/cpp_continue_statement.jpg]
[www.tutorialspoint.com/python/python_continue_statement.html]
[www.tutorialspoint.com/python/python_pass_statement.html]
[www.tutorialspoint.com/python/number_abs.html]
[www.tutorialspoint.com/python/pdf/number_ceil.pdf]
[www.tutorialspoint.com/python/number_ceil.html]
[www.tutorialspoint.com/python/number_cmp.html]
[www.tutorialspoint.com/python/number_exp.html]
[www.tutorialspoint.com/python/number_fabs.html]
[www.tutorialspoint.com/python/number_floor.html]
[www.tutorialspoint.com/python/pdf/number_log.pdf]
[www.tutorialspoint.com/python/number_log.html]
[www.tutorialspoint.com/python/pdf/number_log10.pdf]
[www.tutorialspoint.com/python/number_log10.html]
[www.tutorialspoint.com/python/pdf/number_max.pdf]
[www.tutorialspoint.com/python/number_max.html]
[www.tutorialspoint.com/python/pdf/number_min.pdf]
[www.tutorialspoint.com/python/number_min.html]
[www.tutorialspoint.com/python/number_modf.html]
[www.tutorialspoint.com/python/pdf/number_pow.pdf]
[www.tutorialspoint.com/python/number_pow.html]
[www.tutorialspoint.com/python/number_round.html]
[www.tutorialspoint.com/python/number_sqrt.html]
[www.tutorialspoint.com/python/pdf/number_choice.pdf]
[www.tutorialspoint.com/python/number_choice.html]
[www.tutorialspoint.com/python/pdf/number_randrange.pdf]
[www.tutorialspoint.com/python/number_randrange.html]
[www.tutorialspoint.com/python/pdf/number_random.pdf]
[www.tutorialspoint.com/python/number_random.html]
[www.tutorialspoint.com/python/pdf/number_seed.pdf]
[www.tutorialspoint.com/python/number_seed.html]
[www.tutorialspoint.com/python/number_shuffle.html]
[www.tutorialspoint.com/python/pdf/number_uniform.pdf]
[www.tutorialspoint.com/python/number_uniform.html]
[www.tutorialspoint.com/python/number_acos.html]
[www.tutorialspoint.com/python/pdf/number_asin.pdf]
[www.tutorialspoint.com/python/number_asin.html]
[www.tutorialspoint.com/python/number_atan.html]
[www.tutorialspoint.com/python/number_atan2.html]
[www.tutorialspoint.com/python/number_cos.html]
[www.tutorialspoint.com/python/number_hypot.html]
[www.tutorialspoint.com/python/number_sin.html]
[www.tutorialspoint.com/python/number_tan.html]
[www.tutorialspoint.com/python/number_degrees.html]
[www.tutorialspoint.com/python/number_radians.html]
[www.tutorialspoint.com/python/string_capitalize.html]
[www.tutorialspoint.com/python/string_center.html]
[www.tutorialspoint.com/python/string_count.html]
[www.tutorialspoint.com/python/string_decode.html]
[www.tutorialspoint.com/python/string_encode.html]
[www.tutorialspoint.com/python/string_endswith.html]
[www.tutorialspoint.com/python/string_expandtabs.html]
[www.tutorialspoint.com/python/string_find.html]
[www.tutorialspoint.com/python/string_index.html]
[www.tutorialspoint.com/python/string_isalnum.html]
[www.tutorialspoint.com/python/string_isalpha.html]
[www.tutorialspoint.com/python/string_isdigit.html]
[www.tutorialspoint.com/python/string_islower.html]
[www.tutorialspoint.com/python/string_isnumeric.html]
[www.tutorialspoint.com/python/string_isspace.html]
[www.tutorialspoint.com/python/string_istitle.html]
[www.tutorialspoint.com/python/string_isupper.html]
[www.tutorialspoint.com/python/string_join.html]
[www.tutorialspoint.com/python/string_len.html]
[www.tutorialspoint.com/python/string_ljust.html]
[www.tutorialspoint.com/python/string_lower.html]
[www.tutorialspoint.com/python/string_lstrip.html]
[www.tutorialspoint.com/python/string_maketrans.html]
[www.tutorialspoint.com/python/string_max.html]
[www.tutorialspoint.com/python/string_min.html]
[www.tutorialspoint.com/python/string_replace.html]
[www.tutorialspoint.com/python/string_rfind.html]
[www.tutorialspoint.com/python/string_rindex.html]
[www.tutorialspoint.com/python/string_rjust.html]
[www.tutorialspoint.com/python/string_rstrip.html]
[www.tutorialspoint.com/python/string_split.html]
[www.tutorialspoint.com/python/string_splitlines.html]
[www.tutorialspoint.com/python/string_startswith.html]
[www.tutorialspoint.com/python/string_strip.html]
[www.tutorialspoint.com/python/string_swapcase.html]
[www.tutorialspoint.com/python/string_title.html]
[www.tutorialspoint.com/python/string_translate.html]
[www.tutorialspoint.com/python/string_upper.html]
[www.tutorialspoint.com/python/string_zfill.html]
[www.tutorialspoint.com/python/string_isdecimal.html]
[www.tutorialspoint.com/python/list_cmp.html]
[www.tutorialspoint.com/python/list_len.html]
[www.tutorialspoint.com/python/list_max.html]
[www.tutorialspoint.com/python/list_min.html]
[www.tutorialspoint.com/python/list_list.html]
[www.tutorialspoint.com/python/list_append.html]
[www.tutorialspoint.com/python/list_count.html]
[www.tutorialspoint.com/python/list_extend.html]
[www.tutorialspoint.com/python/list_index.html]
[www.tutorialspoint.com/python/list_insert.html]
[www.tutorialspoint.com/python/list_pop.html]
[www.tutorialspoint.com/python/list_remove.html]
[www.tutorialspoint.com/python/list_reverse.html]
[www.tutorialspoint.com/python/list_sort.html]
[www.tutorialspoint.com/python/tuple_cmp.html]
[www.tutorialspoint.com/python/tuple_len.html]
[www.tutorialspoint.com/python/tuple_max.html]
[www.tutorialspoint.com/python/tuple_min.html]
[www.tutorialspoint.com/python/tuple_tuple.html]
[www.tutorialspoint.com/python/dictionary_cmp.html]
[www.tutorialspoint.com/python/dictionary_len.html]
[www.tutorialspoint.com/python/dictionary_str.html]
[www.tutorialspoint.com/python/dictionary_type.html]
[www.tutorialspoint.com/python/dictionary_clear.html]
[www.tutorialspoint.com/python/dictionary_copy.html]
[www.tutorialspoint.com/python/dictionary_fromkeys.html]
[www.tutorialspoint.com/python/dictionary_get.html]
[www.tutorialspoint.com/python/dictionary_has_key.html]
[www.tutorialspoint.com/python/dictionary_items.html]
[www.tutorialspoint.com/python/dictionary_keys.html]
[www.tutorialspoint.com/python/dictionary_setdefault.html]
[www.tutorialspoint.com/python/dictionary_update.html]
[www.tutorialspoint.com/python/dictionary_values.html]
[www.tutorialspoint.com/python/time_altzone.html]
[www.tutorialspoint.com/python/time_asctime.html]
[www.tutorialspoint.com/python/time_clock.html]
[www.tutorialspoint.com/python/time_ctime.html]
[www.tutorialspoint.com/python/time_gmtime.html]
[www.tutorialspoint.com/python/time_localtime.html]
[www.tutorialspoint.com/python/time_mktime.html]
[www.tutorialspoint.com/python/time_sleep.html]
[www.tutorialspoint.com/python/time_strftime.html]
[www.tutorialspoint.com/python/time_strptime.html]
[www.tutorialspoint.com/python/time_time.html]
[www.tutorialspoint.com/python/time_tzset.html]
[www.tutorialspoint.com/python/file_methods.html]
[www.tutorialspoint.com/python/os_file_methods.html]
[www.tutorialspoint.com/python/assertions_in_python.html]
[www.tutorialspoint.com/python/tk_button.html]
[www.tutorialspoint.com/python/tk_canvas.html]
[www.tutorialspoint.com/python/tk_checkbutton.html]
[www.tutorialspoint.com/python/tk_entry.html]
[www.tutorialspoint.com/python/tk_frame.html]
[www.tutorialspoint.com/python/tk_label.html]
[www.tutorialspoint.com/python/tk_listbox.html]
[www.tutorialspoint.com/python/tk_menubutton.html]
[www.tutorialspoint.com/python/tk_menu.html]
[www.tutorialspoint.com/python/tk_message.html]
[www.tutorialspoint.com/python/tk_radiobutton.html]
[www.tutorialspoint.com/python/tk_scale.html]
[www.tutorialspoint.com/python/tk_colors.html]
[www.tutorialspoint.com/python/tk_cursors.html]
[www.tutorialspoint.com/python/tk_pack.html]
[www.tutorialspoint.com/python/tk_place.html]
[www.tutorialspoint.com/python/python_interview_questions.html]
[connect.facebook.net/en_US/sdk.js]
[www.tutorialspoint.com/scripts/easyui/themes/icon.css]
[www.tutorialspoint.com/python/standard_exceptions.htm]
[www.tutorialspoint.com/python/tk_scrollbar.htm]
[www.tutorialspoint.com/python/tk_text.htm]
[www.tutorialspoint.com/python/tk_toplevel.htm]
[www.tutorialspoint.com/python/tk_spinbox.htm]
[www.tutorialspoint.com/python/tk_panedwindow.htm]
[www.tutorialspoint.com/python/tk_labelframe.htm]
[www.tutorialspoint.com/python/tk_messagebox.htm]
[www.tutorialspoint.com/python/tk_dimensions.htm]
[www.tutorialspoint.com/python/tk_fonts.htm]
[www.tutorialspoint.com/python/tk_anchors.htm]
[www.tutorialspoint.com/python/tk_relief.htm]
[www.tutorialspoint.com/python/tk_bitmaps.htm]
[www.tutorialspoint.com/python/tk_grid.htm]
[www.tutorialspoint.com/python/pdf/python_gui_programming.pdf]
[www.tutorialspoint.com/python/pdf/python_further_extensions.pdf]
[www.tutorialspoint.com/images/questions_and_answers.png]
[www.tutorialspoint.com/python/python_online_quiz.htm]
[www.tutorialspoint.com/python/python_online_test.htm]
[www.tutorialspoint.com/python/python_mock_test.htm]
[www.tutorialspoint.com/python/pdf/python_quick_guide.pdf]
[www.tutorialspoint.com/python/pdf/python_tools_utilities.pdf]
[images-na.ssl-images-amazon.com/images/I/51qWSqxkgJL.jpg]
[images-na.ssl-images-amazon.com/images/I/51g-BQf7y2L.jpg]
[images-na.ssl-images-amazon.com/images/I/51Q4kGat91L.jpg]
[images-na.ssl-images-amazon.com/images/I/41m7YwHS18L.jpg]
[www.tutorialspoint.com/python/pdf/python_discussion.pdf]
[www.tutorialspoint.com/python/python_tutorial.pdf]
[www.tutorialspoint.com/python/pdf/python_pdf_version.pdf]
[www.tutorialspoint.com/scripts/easyui/jquery-1.8.1.min.js]
[www.tutorialspoint.com/scripts/easyui/themes/gray/easyui.css]
[www.tutorialspoint.com/scripts/jquery.ba-resize.min.js]
[www.tutorialspoint.com/scripts/col.css]
[www.tutorialspoint.com/python/pdf/python_if_else.pdf]
[www.tutorialspoint.com/python/pdf/python_continue_statement.pdf]
[www.tutorialspoint.com/python/pdf/python_pass_statement.pdf]
[www.tutorialspoint.com/python/pdf/number_abs.pdf]
[www.tutorialspoint.com/python/pdf/number_cmp.pdf]
[www.tutorialspoint.com/python/pdf/number_exp.pdf]
[www.tutorialspoint.com/python/pdf/number_fabs.pdf]
[www.tutorialspoint.com/python/pdf/number_floor.pdf]
[www.tutorialspoint.com/python/pdf/number_modf.pdf]
[www.tutorialspoint.com/python/pdf/number_round.pdf]
[www.tutorialspoint.com/python/pdf/number_sqrt.pdf]
[www.tutorialspoint.com/python/pdf/number_shuffle.pdf]
[www.tutorialspoint.com/python/pdf/number_acos.pdf]
[www.tutorialspoint.com/python/pdf/number_asin.pdf]
[www.tutorialspoint.com/python/pdf/number_atan.pdf]
[www.tutorialspoint.com/python/pdf/number_atan2.pdf]
[www.tutorialspoint.com/python/pdf/number_cos.pdf]
[www.tutorialspoint.com/python/pdf/number_hypot.pdf]
[www.tutorialspoint.com/python/pdf/number_sin.pdf]
[www.tutorialspoint.com/python/pdf/number_tan.pdf]
[www.tutorialspoint.com/python/pdf/number_degrees.pdf]
[www.tutorialspoint.com/python/pdf/number_radians.pdf]
[www.tutorialspoint.com/python/pdf/string_capitalize.pdf]
[www.tutorialspoint.com/python/pdf/string_center.pdf]
[www.tutorialspoint.com/python/pdf/string_count.pdf]
[www.tutorialspoint.com/python/pdf/string_decode.pdf]
[www.tutorialspoint.com/python/pdf/string_encode.pdf]
[www.tutorialspoint.com/python/pdf/string_endswith.pdf]
[www.tutorialspoint.com/python/pdf/string_expandtabs.pdf]
[www.tutorialspoint.com/python/pdf/string_find.pdf]
[www.tutorialspoint.com/python/pdf/string_index.pdf]
[www.tutorialspoint.com/python/pdf/string_isalnum.pdf]
[www.tutorialspoint.com/python/pdf/string_isalpha.pdf]
[www.tutorialspoint.com/python/pdf/string_isdigit.pdf]
[www.tutorialspoint.com/python/pdf/string_islower.pdf]
[www.tutorialspoint.com/python/pdf/string_isnumeric.pdf]
[www.tutorialspoint.com/python/pdf/string_isspace.pdf]
[www.tutorialspoint.com/python/pdf/string_istitle.pdf]
[www.tutorialspoint.com/python/pdf/string_isupper.pdf]
[www.tutorialspoint.com/python/pdf/string_join.pdf]
[www.tutorialspoint.com/python/pdf/string_len.pdf]
[www.tutorialspoint.com/python/pdf/string_ljust.pdf]
[www.tutorialspoint.com/python/pdf/string_lower.pdf]
[www.tutorialspoint.com/python/pdf/string_lstrip.pdf]
[www.tutorialspoint.com/python/pdf/string_maketrans.pdf]
[www.tutorialspoint.com/python/pdf/string_max.pdf]
[www.tutorialspoint.com/python/pdf/string_min.pdf]
[www.tutorialspoint.com/python/pdf/string_replace.pdf]
[www.tutorialspoint.com/python/pdf/string_rfind.pdf]
[www.tutorialspoint.com/python/pdf/string_rindex.pdf]
[www.tutorialspoint.com/python/pdf/string_rjust.pdf]
[www.tutorialspoint.com/python/pdf/string_rstrip.pdf]
[www.tutorialspoint.com/python/pdf/string_split.pdf]
[www.tutorialspoint.com/python/pdf/string_splitlines.pdf]
[www.tutorialspoint.com/python/pdf/string_startswith.pdf]
[www.tutorialspoint.com/python/pdf/string_strip.pdf]
[www.tutorialspoint.com/python/pdf/string_swapcase.pdf]
[www.tutorialspoint.com/python/pdf/string_title.pdf]
[www.tutorialspoint.com/python/pdf/string_translate.pdf]
[www.tutorialspoint.com/python/pdf/string_upper.pdf]
[www.tutorialspoint.com/python/pdf/string_zfill.pdf]
[www.tutorialspoint.com/python/pdf/string_isdecimal.pdf]
[www.tutorialspoint.com/python/pdf/list_cmp.pdf]
[www.tutorialspoint.com/python/pdf/list_len.pdf]
[www.tutorialspoint.com/python/pdf/list_max.pdf]
[www.tutorialspoint.com/python/pdf/list_min.pdf]
[www.tutorialspoint.com/python/pdf/list_list.pdf]
[www.tutorialspoint.com/python/pdf/list_append.pdf]
[www.tutorialspoint.com/python/pdf/list_count.pdf]
[www.tutorialspoint.com/python/pdf/list_extend.pdf]
[www.tutorialspoint.com/python/pdf/list_index.pdf]
[www.tutorialspoint.com/python/pdf/list_insert.pdf]
[www.tutorialspoint.com/python/pdf/list_pop.pdf]
[www.tutorialspoint.com/python/pdf/list_remove.pdf]
[www.tutorialspoint.com/python/pdf/list_reverse.pdf]
[www.tutorialspoint.com/python/pdf/list_sort.pdf]
[www.tutorialspoint.com/python/pdf/tuple_cmp.pdf]
[www.tutorialspoint.com/python/pdf/tuple_len.pdf]
[www.tutorialspoint.com/python/pdf/tuple_max.pdf]
[www.tutorialspoint.com/python/pdf/tuple_min.pdf]
[www.tutorialspoint.com/python/pdf/tuple_tuple.pdf]
[www.tutorialspoint.com/python/pdf/dictionary_cmp.pdf]
[www.tutorialspoint.com/python/pdf/dictionary_len.pdf]
[www.tutorialspoint.com/python/pdf/dictionary_str.pdf]
[www.tutorialspoint.com/python/pdf/dictionary_type.pdf]
[www.tutorialspoint.com/python/pdf/dictionary_clear.pdf]
[www.tutorialspoint.com/python/pdf/dictionary_copy.pdf]
[www.tutorialspoint.com/python/pdf/dictionary_fromkeys.pdf]
[www.tutorialspoint.com/python/pdf/dictionary_get.pdf]
[www.tutorialspoint.com/python/pdf/dictionary_has_key.pdf]
[www.tutorialspoint.com/python/pdf/dictionary_items.pdf]
[www.tutorialspoint.com/python/pdf/dictionary_keys.pdf]
[www.tutorialspoint.com/python/pdf/dictionary_setdefault.pdf]
[www.tutorialspoint.com/python/pdf/dictionary_update.pdf]
[www.tutorialspoint.com/python/pdf/dictionary_values.pdf]
[www.tutorialspoint.com/python/pdf/time_altzone.pdf]
[www.tutorialspoint.com/python/pdf/time_asctime.pdf]
[www.tutorialspoint.com/python/pdf/time_clock.pdf]
[www.tutorialspoint.com/python/pdf/time_ctime.pdf]
[www.tutorialspoint.com/python/pdf/time_gmtime.pdf]
[www.tutorialspoint.com/python/pdf/time_localtime.pdf]
[www.tutorialspoint.com/python/pdf/time_mktime.pdf]
[www.tutorialspoint.com/python/pdf/time_sleep.pdf]
[www.tutorialspoint.com/python/pdf/time_strftime.pdf]
[www.tutorialspoint.com/python/pdf/time_strptime.pdf]
[www.tutorialspoint.com/python/pdf/time_time.pdf]
[www.tutorialspoint.com/python/pdf/time_tzset.pdf]
[www.tutorialspoint.com/python/file_close.htm]
[www.tutorialspoint.com/python/file_flush.htm]
[www.tutorialspoint.com/python/file_fileno.htm]
[www.tutorialspoint.com/python/file_isatty.htm]
[www.tutorialspoint.com/python/file_next.htm]
[www.tutorialspoint.com/python/file_read.htm]
[www.tutorialspoint.com/python/file_readline.htm]
[www.tutorialspoint.com/python/file_readlines.htm]
[www.tutorialspoint.com/python/file_seek.htm]
[www.tutorialspoint.com/python/file_tell.htm]
[www.tutorialspoint.com/python/file_truncate.htm]
[www.tutorialspoint.com/python/file_write.htm]
[www.tutorialspoint.com/python/file_writelines.htm]
[www.tutorialspoint.com/python/pdf/file_methods.pdf]
[www.tutorialspoint.com/python/os_access.htm]
[www.tutorialspoint.com/python/os_chdir.htm]
[www.tutorialspoint.com/python/os_chflags.htm]
[www.tutorialspoint.com/python/os_chmod.htm]
[www.tutorialspoint.com/python/os_chown.htm]
[www.tutorialspoint.com/python/os_chroot.htm]
[www.tutorialspoint.com/python/os_close.htm]
[www.tutorialspoint.com/python/os_closerange.htm]
[www.tutorialspoint.com/python/os_dup.htm]
[www.tutorialspoint.com/python/os_dup2.htm]
[www.tutorialspoint.com/python/os_fchdir.htm]
[www.tutorialspoint.com/python/os_fchmod.htm]
[www.tutorialspoint.com/python/os_fchown.htm]
[www.tutorialspoint.com/python/os_fdatasync.htm]
[www.tutorialspoint.com/python/os_fdopen.htm]
[www.tutorialspoint.com/python/os_fpathconf.htm]
[www.tutorialspoint.com/python/os_fstat.htm]
[www.tutorialspoint.com/python/os_fstatvfs.htm]
[www.tutorialspoint.com/python/os_fsync.htm]
[www.tutorialspoint.com/python/os_ftruncate.htm]
[www.tutorialspoint.com/python/os_getcwd.htm]
[www.tutorialspoint.com/python/os_getcwdu.htm]
[www.tutorialspoint.com/python/os_isatty.htm]
[www.tutorialspoint.com/python/os_lchflags.htm]
[www.tutorialspoint.com/python/os_lchmod.htm]
[www.tutorialspoint.com/python/os_lchown.htm]
[www.tutorialspoint.com/python/os_link.htm]
[www.tutorialspoint.com/python/os_listdir.htm]
[www.tutorialspoint.com/python/os_lseek.htm]
[www.tutorialspoint.com/python/os_lstat.htm]
[www.tutorialspoint.com/python/os_major.htm]
[www.tutorialspoint.com/python/os_makedev.htm]
[www.tutorialspoint.com/python/os_makedirs.htm]
[www.tutorialspoint.com/python/os_minor.htm]
[www.tutorialspoint.com/python/os_mkdir.htm]
[www.tutorialspoint.com/python/os_mkfifo.htm]
[www.tutorialspoint.com/python/os_mknod.htm]
[www.tutorialspoint.com/python/os_open.htm]
[www.tutorialspoint.com/python/os_openpty.htm]
[www.tutorialspoint.com/python/os_pathconf.htm]
[www.tutorialspoint.com/python/os_pipe.htm]
[www.tutorialspoint.com/python/os_popen.htm]
[www.tutorialspoint.com/python/os_read.htm]
[www.tutorialspoint.com/python/os_readlink.htm]
[www.tutorialspoint.com/python/os_remove.htm]
[www.tutorialspoint.com/python/os_removedirs.htm]
[www.tutorialspoint.com/python/os_rename.htm]
[www.tutorialspoint.com/python/os_renames.htm]
[www.tutorialspoint.com/python/os_rmdir.htm]
[www.tutorialspoint.com/python/os_stat.htm]
[www.tutorialspoint.com/python/os_stat_float_times.htm]
[www.tutorialspoint.com/python/os_statvfs.htm]
[www.tutorialspoint.com/python/os_symlink.htm]
[www.tutorialspoint.com/python/os_tcgetpgrp.htm]
[www.tutorialspoint.com/python/os_tcsetpgrp.htm]
[www.tutorialspoint.com/python/os_tempnam.htm]
[www.tutorialspoint.com/python/os_tmpfile.htm]
[www.tutorialspoint.com/python/os_tmpnam.htm]
[www.tutorialspoint.com/python/os_ttyname.htm]
[www.tutorialspoint.com/python/os_unlink.htm]
[www.tutorialspoint.com/python/os_utime.htm]
[www.tutorialspoint.com/python/os_walk.htm]
[www.tutorialspoint.com/python/os_write.htm]
[www.tutorialspoint.com/python/pdf/os_file_methods.pdf]
[www.tutorialspoint.com/python/pdf/assertions_in_python.pdf]
[www.tutorialspoint.com/python/images/tkbutton.jpg]
[www.tutorialspoint.com/python/pdf/tk_button.pdf]
[www.tutorialspoint.com/python/images/tkcanvas.jpg]
[www.tutorialspoint.com/python/pdf/tk_canvas.pdf]
[www.tutorialspoint.com/python/images/tkcheckbox.jpg]
[www.tutorialspoint.com/python/pdf/tk_checkbutton.pdf]
[www.tutorialspoint.com/python/images/tkentry.jpg]
[www.tutorialspoint.com/python/pdf/tk_entry.pdf]
[www.tutorialspoint.com/python/images/tkframe.jpg]
[www.tutorialspoint.com/python/pdf/tk_frame.pdf]
[www.tutorialspoint.com/python/images/tklabel.jpg]
[www.tutorialspoint.com/python/pdf/tk_label.pdf]
[www.tutorialspoint.com/python/images/tklistbox.jpg]
[www.tutorialspoint.com/python/pdf/tk_listbox.pdf]
[www.tutorialspoint.com/python/images/tkmenubutton.jpg]
[www.tutorialspoint.com/python/pdf/tk_menubutton.pdf]
[www.tutorialspoint.com/python/images/tkmenu.jpg]
[www.tutorialspoint.com/python/pdf/tk_menu.pdf]
[www.tutorialspoint.com/python/images/tkmessage.jpg]
[www.tutorialspoint.com/python/pdf/tk_message.pdf]
[www.tutorialspoint.com/python/images/tkradiobutton.jpg]
[www.tutorialspoint.com/python/pdf/tk_radiobutton.pdf]
[www.tutorialspoint.com/python/images/tkscale.jpg]
[www.tutorialspoint.com/python/pdf/tk_scale.pdf]
[www.tutorialspoint.com/python/pdf/tk_colors.pdf]
[www.tutorialspoint.com/python/pdf/tk_cursors.pdf]
[www.tutorialspoint.com/python/pdf/tk_pack.pdf]
[www.tutorialspoint.com/python/images/tkplace.jpg]
[www.tutorialspoint.com/python/pdf/tk_place.pdf]
[www.tutorialspoint.com/python/pdf/python_interview_questions.pdf]
[www.tutorialspoint.com/python/ABCDEFGHIJKLMNOPQRSTUVWXYZabcdefghijklmnopqrstuvwxyz0123456789+/index.html]
[www.tutorialspoint.com/python/dialog/index.html]
[www.tutorialspoint.com/python/%s/profile4d6d.php]
[www.tutorialspoint.com/scripts/easyui/themes/icons/english.png]
[www.tutorialspoint.com/scripts/easyui/themes/icons/english-us.png]
[www.tutorialspoint.com/scripts/easyui/themes/icons/polish.png]
[www.tutorialspoint.com/scripts/easyui/themes/icons/german.png]
[www.tutorialspoint.com/scripts/easyui/themes/icons/portuguese.png]
[www.tutorialspoint.com/scripts/easyui/themes/icons/chinese.png]
[www.tutorialspoint.com/scripts/easyui/themes/icons/japanese.png]
[www.tutorialspoint.com/scripts/easyui/themes/icons/french.png]
[www.tutorialspoint.com/scripts/easyui/themes/icons/spanish.png]
[www.tutorialspoint.com/scripts/easyui/themes/icons/russia.png]
[www.tutorialspoint.com/scripts/easyui/themes/icons/blank.gif]
[www.tutorialspoint.com/scripts/easyui/themes/icons/about.png]
[www.tutorialspoint.com/scripts/easyui/themes/icons/download.png]
[www.tutorialspoint.com/scripts/easyui/themes/icons/result.png]
[www.tutorialspoint.com/scripts/easyui/themes/icons/home.png]
[www.tutorialspoint.com/scripts/easyui/themes/icons/languages.png]
[www.tutorialspoint.com/scripts/easyui/themes/icons/compile.png]
[www.tutorialspoint.com/scripts/easyui/themes/icons/edit_add.png]
[www.tutorialspoint.com/scripts/easyui/themes/icons/pencil.png]
[www.tutorialspoint.com/scripts/easyui/themes/icons/edit_remove.png]
[www.tutorialspoint.com/scripts/easyui/themes/icons/filesave.png]
[www.tutorialspoint.com/scripts/easyui/themes/icons/cut.png]
[www.tutorialspoint.com/scripts/easyui/themes/icons/ok.png]
[www.tutorialspoint.com/scripts/easyui/themes/icons/no.png]
[www.tutorialspoint.com/scripts/easyui/themes/icons/cancel.png]
[www.tutorialspoint.com/scripts/easyui/themes/icons/reload.png]
[www.tutorialspoint.com/scripts/easyui/themes/icons/search.png]
[www.tutorialspoint.com/scripts/easyui/themes/icons/print.png]
[www.tutorialspoint.com/scripts/easyui/themes/icons/help.png]
[www.tutorialspoint.com/scripts/easyui/themes/icons/undo.png]
[www.tutorialspoint.com/scripts/easyui/themes/icons/redo.png]
[www.tutorialspoint.com/scripts/easyui/themes/icons/back.png]
[www.tutorialspoint.com/scripts/easyui/themes/icons/sum.png]
[www.tutorialspoint.com/scripts/easyui/themes/icons/tip.png]
[www.tutorialspoint.com/scripts/easyui/themes/icons/mini_add.png]
[www.tutorialspoint.com/scripts/easyui/themes/icons/mini_edit.png]
[www.tutorialspoint.com/scripts/easyui/themes/icons/mini_refresh.png]
